Component: ARM Compiler 6.14 Tool: armlink [5db06800]

==============================================================================

Section Cross References

    main.o(.text) refers (Special) to _printf_hex_int.o(.text) for _printf_longlong_hex
    main.o(.text) refers (Special) to _printf_percent.o(.ARM.Collect$$_printf_percent$$00000000) for _printf_percent
    main.o(.text) refers (Special) to _printf_pad.o(.text) for _printf_pre_padding
    main.o(.text) refers (Special) to _printf_x.o(.ARM.Collect$$_printf_percent$$0000000C) for _printf_x
    main.o(.text.main) refers (Special) to _printf_hex_int.o(.text) for _printf_longlong_hex
    main.o(.text.main) refers (Special) to _printf_percent.o(.ARM.Collect$$_printf_percent$$00000000) for _printf_percent
    main.o(.text.main) refers (Special) to _printf_pad.o(.text) for _printf_pre_padding
    main.o(.text.main) refers (Special) to _printf_x.o(.ARM.Collect$$_printf_percent$$0000000C) for _printf_x
    main.o(.text.main) refers to delay.o(.text.Delay_Init) for Delay_Init
    main.o(.text.main) refers to main.o(.text.My_GPIO_Init) for My_GPIO_Init
    main.o(.text.main) refers to mfrc522.o(.text.TM_MFRC522_Init) for TM_MFRC522_Init
    main.o(.text.main) refers to i2c_lcd.o(.text.I2C_LCD_Init) for I2C_LCD_Init
    main.o(.text.main) refers to i2c_lcd.o(.text.I2C_LCD_Clear) for I2C_LCD_Clear
    main.o(.text.main) refers to i2c_lcd.o(.text.I2C_LCD_BackLight) for I2C_LCD_BackLight
    main.o(.text.main) refers to main.o(.rodata.str1.1) for .L.str
    main.o(.text.main) refers to i2c_lcd.o(.text.I2C_LCD_Puts) for I2C_LCD_Puts
    main.o(.text.main) refers to i2c_lcd.o(.text.I2C_LCD_NewLine) for I2C_LCD_NewLine
    main.o(.text.main) refers to main.o(.bss.CardID) for CardID
    main.o(.text.main) refers to main.o(.bss.szBuff) for szBuff
    main.o(.text.main) refers to mfrc522.o(.text.TM_MFRC522_Check) for TM_MFRC522_Check
    main.o(.text.main) refers to noretval__2sprintf.o(.text) for __2sprintf
    main.o(.text.main) refers to stm32f10x_gpio.o(.text.GPIO_SetBits) for GPIO_SetBits
    main.o(.text.main) refers to delay.o(.text.Delay_Ms) for Delay_Ms
    main.o(.text.main) refers to stm32f10x_gpio.o(.text.GPIO_ResetBits) for GPIO_ResetBits
    main.o(.ARM.exidx.text.main) refers (Special) to _printf_hex_int.o(.text) for _printf_longlong_hex
    main.o(.ARM.exidx.text.main) refers (Special) to _printf_percent.o(.ARM.Collect$$_printf_percent$$00000000) for _printf_percent
    main.o(.ARM.exidx.text.main) refers (Special) to _printf_pad.o(.text) for _printf_pre_padding
    main.o(.ARM.exidx.text.main) refers (Special) to _printf_x.o(.ARM.Collect$$_printf_percent$$0000000C) for _printf_x
    main.o(.ARM.exidx.text.main) refers to main.o(.text.main) for [Anonymous Symbol]
    main.o(.text.My_GPIO_Init) refers (Special) to _printf_hex_int.o(.text) for _printf_longlong_hex
    main.o(.text.My_GPIO_Init) refers (Special) to _printf_percent.o(.ARM.Collect$$_printf_percent$$00000000) for _printf_percent
    main.o(.text.My_GPIO_Init) refers (Special) to _printf_pad.o(.text) for _printf_pre_padding
    main.o(.text.My_GPIO_Init) refers (Special) to _printf_x.o(.ARM.Collect$$_printf_percent$$0000000C) for _printf_x
    main.o(.text.My_GPIO_Init) refers to stm32f10x_rcc.o(.text.RCC_APB2PeriphClockCmd) for RCC_APB2PeriphClockCmd
    main.o(.text.My_GPIO_Init) refers to stm32f10x_gpio.o(.text.GPIO_Init) for GPIO_Init
    main.o(.ARM.exidx.text.My_GPIO_Init) refers (Special) to _printf_hex_int.o(.text) for _printf_longlong_hex
    main.o(.ARM.exidx.text.My_GPIO_Init) refers (Special) to _printf_percent.o(.ARM.Collect$$_printf_percent$$00000000) for _printf_percent
    main.o(.ARM.exidx.text.My_GPIO_Init) refers (Special) to _printf_pad.o(.text) for _printf_pre_padding
    main.o(.ARM.exidx.text.My_GPIO_Init) refers (Special) to _printf_x.o(.ARM.Collect$$_printf_percent$$0000000C) for _printf_x
    main.o(.ARM.exidx.text.My_GPIO_Init) refers to main.o(.text.My_GPIO_Init) for [Anonymous Symbol]
    main.o(.rodata.str1.1) refers (Special) to _printf_hex_int.o(.text) for _printf_longlong_hex
    main.o(.rodata.str1.1) refers (Special) to _printf_percent.o(.ARM.Collect$$_printf_percent$$00000000) for _printf_percent
    main.o(.rodata.str1.1) refers (Special) to _printf_pad.o(.text) for _printf_pre_padding
    main.o(.rodata.str1.1) refers (Special) to _printf_x.o(.ARM.Collect$$_printf_percent$$0000000C) for _printf_x
    main.o(.bss.CardID) refers (Special) to _printf_hex_int.o(.text) for _printf_longlong_hex
    main.o(.bss.CardID) refers (Special) to _printf_percent.o(.ARM.Collect$$_printf_percent$$00000000) for _printf_percent
    main.o(.bss.CardID) refers (Special) to _printf_pad.o(.text) for _printf_pre_padding
    main.o(.bss.CardID) refers (Special) to _printf_x.o(.ARM.Collect$$_printf_percent$$0000000C) for _printf_x
    main.o(.bss.szBuff) refers (Special) to _printf_hex_int.o(.text) for _printf_longlong_hex
[...]
    Removing stm32f10x_rcc.o(.ARM.exidx.text.RCC_APB1PeriphResetCmd), (8 bytes).
    Removing stm32f10x_rcc.o(.text.RCC_BackupResetCmd), (12 bytes).
    Removing stm32f10x_rcc.o(.ARM.exidx.text.RCC_BackupResetCmd), (8 bytes).
    Removing stm32f10x_rcc.o(.text.RCC_ClockSecuritySystemCmd), (10 bytes).
    Removing stm32f10x_rcc.o(.ARM.exidx.text.RCC_ClockSecuritySystemCmd), (8 bytes).
    Removing stm32f10x_rcc.o(.text.RCC_MCOConfig), (12 bytes).
    Removing stm32f10x_rcc.o(.ARM.exidx.text.RCC_MCOConfig), (8 bytes).
    Removing stm32f10x_rcc.o(.text.RCC_ClearFlag), (18 bytes).
    Removing stm32f10x_rcc.o(.ARM.exidx.text.RCC_ClearFlag), (8 bytes).
    Removing stm32f10x_rcc.o(.text.RCC_GetITStatus), (18 bytes).
    Removing stm32f10x_rcc.o(.ARM.exidx.text.RCC_GetITStatus), (8 bytes).
    Removing stm32f10x_rcc.o(.text.RCC_ClearITPendingBit), (12 bytes).
    Removing stm32f10x_rcc.o(.ARM.exidx.text.RCC_ClearITPendingBit), (8 bytes).
    Removing stm32f10x_spi.o(.text), (0 bytes).
    Removing stm32f10x_spi.o(.text.SPI_I2S_DeInit), (100 bytes).
    Removing stm32f10x_spi.o(.ARM.exidx.text.SPI_I2S_DeInit), (8 bytes).
    Removing stm32f10x_spi.o(.ARM.exidx.text.SPI_Init), (8 bytes).
    Removing stm32f10x_spi.o(.text.I2S_Init), (148 bytes).
    Removing stm32f10x_spi.o(.ARM.exidx.text.I2S_Init), (8 bytes).
    Removing stm32f10x_spi.o(.text.SPI_StructInit), (16 bytes).
    Removing stm32f10x_spi.o(.ARM.exidx.text.SPI_StructInit), (8 bytes).
    Removing stm32f10x_spi.o(.text.I2S_StructInit), (14 bytes).
    Removing stm32f10x_spi.o(.ARM.exidx.text.I2S_StructInit), (8 bytes).
    Removing stm32f10x_spi.o(.ARM.exidx.text.SPI_Cmd), (8 bytes).
    Removing stm32f10x_spi.o(.text.I2S_Cmd), (18 bytes).
    Removing stm32f10x_spi.o(.ARM.exidx.text.I2S_Cmd), (8 bytes).
    Removing stm32f10x_spi.o(.text.SPI_I2S_ITConfig), (32 bytes).
    Removing stm32f10x_spi.o(.ARM.exidx.text.SPI_I2S_ITConfig), (8 bytes).
    Removing stm32f10x_spi.o(.text.SPI_I2S_DMACmd), (16 bytes).
    Removing stm32f10x_spi.o(.ARM.exidx.text.SPI_I2S_DMACmd), (8 bytes).
    Removing stm32f10x_spi.o(.ARM.exidx.text.SPI_I2S_SendData), (8 bytes).
    Removing stm32f10x_spi.o(.ARM.exidx.text.SPI_I2S_ReceiveData), (8 bytes).
    Removing stm32f10x_spi.o(.text.SPI_NSSInternalSoftwareConfig), (24 bytes).
    Removing stm32f10x_spi.o(.ARM.exidx.text.SPI_NSSInternalSoftwareConfig), (8 bytes).
    Removing stm32f10x_spi.o(.text.SPI_SSOutputCmd), (18 bytes).
    Removing stm32f10x_spi.o(.ARM.exidx.text.SPI_SSOutputCmd), (8 bytes).
    Removing stm32f10x_spi.o(.text.SPI_DataSizeConfig), (16 bytes).
    Removing stm32f10x_spi.o(.ARM.exidx.text.SPI_DataSizeConfig), (8 bytes).
    Removing stm32f10x_spi.o(.text.SPI_TransmitCRC), (10 bytes).
    Removing stm32f10x_spi.o(.ARM.exidx.text.SPI_TransmitCRC), (8 bytes).
    Removing stm32f10x_spi.o(.text.SPI_CalculateCRC), (18 bytes).
    Removing stm32f10x_spi.o(.ARM.exidx.text.SPI_CalculateCRC), (8 bytes).
    Removing stm32f10x_spi.o(.text.SPI_GetCRC), (12 bytes).
    Removing stm32f10x_spi.o(.ARM.exidx.text.SPI_GetCRC), (8 bytes).
    Removing stm32f10x_spi.o(.text.SPI_GetCRCPolynomial), (4 bytes).
    Removing stm32f10x_spi.o(.ARM.exidx.text.SPI_GetCRCPolynomial), (8 bytes).
    Removing stm32f10x_spi.o(.text.SPI_BiDirectionalLineConfig), (20 bytes).
    Removing stm32f10x_spi.o(.ARM.exidx.text.SPI_BiDirectionalLineConfig), (8 bytes).
    Removing stm32f10x_spi.o(.ARM.exidx.text.SPI_I2S_GetFlagStatus), (8 bytes).
    Removing stm32f10x_spi.o(.text.SPI_I2S_ClearFlag), (6 bytes).
    Removing stm32f10x_spi.o(.ARM.exidx.text.SPI_I2S_ClearFlag), (8 bytes).
    Removing stm32f10x_spi.o(.text.SPI_I2S_GetITStatus), (34 bytes).
    Removing stm32f10x_spi.o(.ARM.exidx.text.SPI_I2S_GetITStatus), (8 bytes).
    Removing stm32f10x_spi.o(.text.SPI_I2S_ClearITPendingBit), (16 bytes).
    Removing stm32f10x_spi.o(.ARM.exidx.text.SPI_I2S_ClearITPendingBit), (8 bytes).
    Removing stm32f10x_tim.o(.text), (0 bytes).
    Removing stm32f10x_tim.o(.text.TIM_DeInit), (558 bytes).
    Removing stm32f10x_tim.o(.ARM.exidx.text.TIM_DeInit), (8 bytes).
    Removing stm32f10x_tim.o(.ARM.exidx.text.TIM_TimeBaseInit), (8 bytes).
    Removing stm32f10x_tim.o(.text.TIM_OC1Init), (118 bytes).
    Removing stm32f10x_tim.o(.ARM.exidx.text.TIM_OC1Init), (8 bytes).
    Removing stm32f10x_tim.o(.text.TIM_OC2Init), (122 bytes).
    Removing stm32f10x_tim.o(.ARM.exidx.text.TIM_OC2Init), (8 bytes).
    Removing stm32f10x_tim.o(.text.TIM_OC3Init), (122 bytes).
    Removing stm32f10x_tim.o(.ARM.exidx.text.TIM_OC3Init), (8 bytes).
    Removing stm32f10x_tim.o(.text.TIM_OC4Init), (94 bytes).
    Removing stm32f10x_tim.o(.ARM.exidx.text.TIM_OC4Init), (8 bytes).
    Removing stm32f10x_tim.o(.text.TIM_ICInit), (98 bytes).
    Removing stm32f10x_tim.o(.ARM.exidx.text.TIM_ICInit), (8 bytes).
    Removing stm32f10x_tim.o(.text.TI1_Config), (132 bytes).
    Removing stm32f10x_tim.o(.ARM.exidx.text.TI1_Config), (8 bytes).
    Removing stm32f10x_tim.o(.text.TIM_SetIC1Prescaler), (16 bytes).
    Removing stm32f10x_tim.o(.ARM.exidx.text.TIM_SetIC1Prescaler), (8 bytes).
    Removing stm32f10x_tim.o(.text.TI2_Config), (144 bytes).
    Removing stm32f10x_tim.o(.ARM.exidx.text.TI2_Config), (8 bytes).
    Removing stm32f10x_tim.o(.text.TIM_SetIC2Prescaler), (18 bytes).
    Removing stm32f10x_tim.o(.ARM.exidx.text.TIM_SetIC2Prescaler), (8 bytes).
    Removing stm32f10x_tim.o(.text.TI3_Config), (138 bytes).
    Removing stm32f10x_tim.o(.ARM.exidx.text.TI3_Config), (8 bytes).
    Removing stm32f10x_tim.o(.text.TIM_SetIC3Prescaler), (16 bytes).
    Removing stm32f10x_tim.o(.ARM.exidx.text.TIM_SetIC3Prescaler), (8 bytes).
    Removing stm32f10x_tim.o(.text.TI4_Config), (148 bytes).
    Removing stm32f10x_tim.o(.ARM.exidx.text.TI4_Config), (8 bytes).
    Removing stm32f10x_tim.o(.text.TIM_SetIC4Prescaler), (18 bytes).
    Removing stm32f10x_tim.o(.ARM.exidx.text.TIM_SetIC4Prescaler), (8 bytes).
    Removing stm32f10x_tim.o(.text.TIM_PWMIConfig), (112 bytes).
    Removing stm32f10x_tim.o(.ARM.exidx.text.TIM_PWMIConfig), (8 bytes).
    Removing stm32f10x_tim.o(.text.TIM_BDTRConfig), (40 bytes).
    Removing stm32f10x_tim.o(.ARM.exidx.text.TIM_BDTRConfig), (8 bytes).
    Removing stm32f10x_tim.o(.text.TIM_TimeBaseStructInit), (20 bytes).
    Removing stm32f10x_tim.o(.ARM.exidx.text.TIM_TimeBaseStructInit), (8 bytes).
    Removing stm32f10x_tim.o(.text.TIM_OCStructInit), (12 bytes).
    Removing stm32f10x_tim.o(.ARM.exidx.text.TIM_OCStructInit), (8 bytes).
    Removing stm32f10x_tim.o(.text.TIM_ICStructInit), (12 bytes).
    Removing stm32f10x_tim.o(.ARM.exidx.text.TIM_ICStructInit), (8 bytes).
    Removing stm32f10x_tim.o(.text.TIM_BDTRStructInit), (12 bytes).
    Removing stm32f10x_tim.o(.ARM.exidx.text.TIM_BDTRStructInit), (8 bytes).
    Removing stm32f10x_tim.o(.ARM.exidx.text.TIM_Cmd), (8 bytes).
    Removing stm32f10x_tim.o(.text.TIM_CtrlPWMOutputs), (24 bytes).
    Removing stm32f10x_tim.o(.ARM.exidx.text.TIM_CtrlPWMOutputs), (8 bytes).
    Removing stm32f10x_tim.o(.text.TIM_ITConfig), (16 bytes).
    Removing stm32f10x_tim.o(.ARM.exidx.text.TIM_ITConfig), (8 bytes).
    Removing stm32f10x_tim.o(.text.TIM_GenerateEvent), (4 bytes).
    Removing stm32f10x_tim.o(.ARM.exidx.text.TIM_GenerateEvent), (8 bytes).
    Removing stm32f10x_tim.o(.text.TIM_DMAConfig), (8 bytes).
    Removing stm32f10x_tim.o(.ARM.exidx.text.TIM_DMAConfig), (8 bytes).
    Removing stm32f10x_tim.o(.text.TIM_DMACmd), (16 bytes).
    Removing stm32f10x_tim.o(.ARM.exidx.text.TIM_DMACmd), (8 bytes).
    Removing stm32f10x_tim.o(.text.TIM_InternalClockConfig), (10 bytes).
    Removing stm32f10x_tim.o(.ARM.exidx.text.TIM_InternalClockConfig), (8 bytes).
    Removing stm32f10x_tim.o(.text.TIM_ITRxExternalClockConfig), (18 bytes).
    Removing stm32f10x_tim.o(.ARM.exidx.text.TIM_ITRxExternalClockConfig), (8 bytes).
    Removing stm32f10x_tim.o(.text.TIM_SelectInputTrigger), (12 bytes).
    Removing stm32f10x_tim.o(.ARM.exidx.text.TIM_SelectInputTrigger), (8 bytes).
    Removing stm32f10x_tim.o(.text.TIM_TIxExternalClockConfig), (44 bytes).
    Removing stm32f10x_tim.o(.ARM.exidx.text.TIM_TIxExternalClockConfig), (8 bytes).
    Removing stm32f10x_tim.o(.text.TIM_ETRClockMode1Config), (18 bytes).
    Removing stm32f10x_tim.o(.ARM.exidx.text.TIM_ETRClockMode1Config), (8 bytes).
    Removing stm32f10x_tim.o(.text.TIM_ETRConfig), (22 bytes).
    Removing stm32f10x_tim.o(.ARM.exidx.text.TIM_ETRConfig), (8 bytes).
    Removing stm32f10x_tim.o(.text.TIM_ETRClockMode2Config), (18 bytes).
    Removing stm32f10x_tim.o(.ARM.exidx.text.TIM_ETRClockMode2Config), (8 bytes).
    Removing stm32f10x_tim.o(.text.TIM_PrescalerConfig), (6 bytes).
    Removing stm32f10x_tim.o(.ARM.exidx.text.TIM_PrescalerConfig), (8 bytes).
    Removing stm32f10x_tim.o(.text.TIM_CounterModeConfig), (12 bytes).
    Removing stm32f10x_tim.o(.ARM.exidx.text.TIM_CounterModeConfig), (8 bytes).
    Removing stm32f10x_tim.o(.text.TIM_EncoderInterfaceConfig), (48 bytes).
    Removing stm32f10x_tim.o(.ARM.exidx.text.TIM_EncoderInterfaceConfig), (8 bytes).
    Removing stm32f10x_tim.o(.text.TIM_ForcedOC1Config), (12 bytes).
    Removing stm32f10x_tim.o(.ARM.exidx.text.TIM_ForcedOC1Config), (8 bytes).
    Removing stm32f10x_tim.o(.text.TIM_ForcedOC2Config), (14 bytes).
    Removing stm32f10x_tim.o(.ARM.exidx.text.TIM_ForcedOC2Config), (8 bytes).
    Removing stm32f10x_tim.o(.text.TIM_ForcedOC3Config), (12 bytes).
    Removing stm32f10x_tim.o(.ARM.exidx.text.TIM_ForcedOC3Config), (8 bytes).
    Removing stm32f10x_tim.o(.text.TIM_ForcedOC4Config), (14 bytes).
    Removing stm32f10x_tim.o(.ARM.exidx.text.TIM_ForcedOC4Config), (8 bytes).
    Removing stm32f10x_tim.o(.text.TIM_ARRPreloadConfig), (18 bytes).
    Removing stm32f10x_tim.o(.ARM.exidx.text.TIM_ARRPreloadConfig), (8 bytes).
    Removing stm32f10x_tim.o(.text.TIM_SelectCOM), (18 bytes).
    Removing stm32f10x_tim.o(.ARM.exidx.text.TIM_SelectCOM), (8 bytes).
    Removing stm32f10x_tim.o(.text.TIM_SelectCCDMA), (18 bytes).
    Removing stm32f10x_tim.o(.ARM.exidx.text.TIM_SelectCCDMA), (8 bytes).
    Removing stm32f10x_tim.o(.text.TIM_CCPreloadControl), (18 bytes).
    Removing stm32f10x_tim.o(.ARM.exidx.text.TIM_CCPreloadControl), (8 bytes).
    Removing stm32f10x_tim.o(.text.TIM_OC1PreloadConfig), (12 bytes).
    Removing stm32f10x_tim.o(.ARM.exidx.text.TIM_OC1PreloadConfig), (8 bytes).
    Removing stm32f10x_tim.o(.text.TIM_OC2PreloadConfig), (14 bytes).
    Removing stm32f10x_tim.o(.ARM.exidx.text.TIM_OC2PreloadConfig), (8 bytes).
    Removing stm32f10x_tim.o(.text.TIM_OC3PreloadConfig), (12 bytes).
    Removing stm32f10x_tim.o(.ARM.exidx.text.TIM_OC3PreloadConfig), (8 bytes).
    Removing stm32f10x_tim.o(.text.TIM_OC4PreloadConfig), (14 bytes).
    Removing stm32f10x_tim.o(.ARM.exidx.text.TIM_OC4PreloadConfig), (8 bytes).
    Removing stm32f10x_tim.o(.text.TIM_OC1FastConfig), (12 bytes).
    Removing stm32f10x_tim.o(.ARM.exidx.text.TIM_OC1FastConfig), (8 bytes).
    Removing stm32f10x_tim.o(.text.TIM_OC2FastConfig), (14 bytes).
    Removing stm32f10x_tim.o(.ARM.exidx.text.TIM_OC2FastConfig), (8 bytes).
    Removing stm32f10x_tim.o(.text.TIM_OC3FastConfig), (12 bytes).
    Removing stm32f10x_tim.o(.ARM.exidx.text.TIM_OC3FastConfig), (8 bytes).
    Removing stm32f10x_tim.o(.text.TIM_OC4FastConfig), (14 bytes).
    Removing stm32f10x_tim.o(.ARM.exidx.text.TIM_OC4FastConfig), (8 bytes).
    Removing stm32f10x_tim.o(.text.TIM_ClearOC1Ref), (12 bytes).
    Removing stm32f10x_tim.o(.ARM.exidx.text.TIM_ClearOC1Ref), (8 bytes).
    Removing stm32f10x_tim.o(.text.TIM_ClearOC2Ref), (14 bytes).
    Removing stm32f10x_tim.o(.ARM.exidx.text.TIM_ClearOC2Ref), (8 bytes).
    Removing stm32f10x_tim.o(.text.TIM_ClearOC3Ref), (12 bytes).
    Removing stm32f10x_tim.o(.ARM.exidx.text.TIM_ClearOC3Ref), (8 bytes).
    Removing stm32f10x_tim.o(.text.TIM_ClearOC4Ref), (14 bytes).
    Removing stm32f10x_tim.o(.ARM.exidx.text.TIM_ClearOC4Ref), (8 bytes).
    Removing stm32f10x_tim.o(.text.TIM_OC1PolarityConfig), (12 bytes).
    Removing stm32f10x_tim.o(.ARM.exidx.text.TIM_OC1PolarityConfig), (8 bytes).
    Removing stm32f10x_tim.o(.text.TIM_OC1NPolarityConfig), (12 bytes).
    Removing stm32f10x_tim.o(.ARM.exidx.text.TIM_OC1NPolarityConfig), (8 bytes).
    Removing stm32f10x_tim.o(.text.TIM_OC2PolarityConfig), (14 bytes).
    Removing stm32f10x_tim.o(.ARM.exidx.text.TIM_OC2PolarityConfig), (8 bytes).
    Removing stm32f10x_tim.o(.text.TIM_OC2NPolarityConfig), (14 bytes).
    Removing stm32f10x_tim.o(.ARM.exidx.text.TIM_OC2NPolarityConfig), (8 bytes).
    Removing stm32f10x_tim.o(.text.TIM_OC3PolarityConfig), (14 bytes).
    Removing stm32f10x_tim.o(.ARM.exidx.text.TIM_OC3PolarityConfig), (8 bytes).
    Removing stm32f10x_tim.o(.text.TIM_OC3NPolarityConfig), (14 bytes).
    Removing stm32f10x_tim.o(.ARM.exidx.text.TIM_OC3NPolarityConfig), (8 bytes).
    Removing stm32f10x_tim.o(.text.TIM_OC4PolarityConfig), (14 bytes).
    Removing stm32f10x_tim.o(.ARM.exidx.text.TIM_OC4PolarityConfig), (8 bytes).
    Removing stm32f10x_tim.o(.text.TIM_CCxCmd), (32 bytes).
    Removing stm32f10x_tim.o(.ARM.exidx.text.TIM_CCxCmd), (8 bytes).
    Removing stm32f10x_tim.o(.text.TIM_CCxNCmd), (32 bytes).
    Removing stm32f10x_tim.o(.ARM.exidx.text.TIM_CCxNCmd), (8 bytes).
    Removing stm32f10x_tim.o(.text.TIM_SelectOCxM), (82 bytes).
    Removing stm32f10x_tim.o(.ARM.exidx.text.TIM_SelectOCxM), (8 bytes).
    Removing stm32f10x_tim.o(.text.TIM_UpdateDisableConfig), (18 bytes).
    Removing stm32f10x_tim.o(.ARM.exidx.text.TIM_UpdateDisableConfig), (8 bytes).
    Removing stm32f10x_tim.o(.text.TIM_UpdateRequestConfig), (18 bytes).
    Removing stm32f10x_tim.o(.ARM.exidx.text.TIM_UpdateRequestConfig), (8 bytes).
    Removing stm32f10x_tim.o(.text.TIM_SelectHallSensor), (18 bytes).
    Removing stm32f10x_tim.o(.ARM.exidx.text.TIM_SelectHallSensor), (8 bytes).
    Removing stm32f10x_tim.o(.text.TIM_SelectOnePulseMode), (16 bytes).
    Removing stm32f10x_tim.o(.ARM.exidx.text.TIM_SelectOnePulseMode), (8 bytes).
    Removing stm32f10x_tim.o(.text.TIM_SelectOutputTrigger), (16 bytes).
    Removing stm32f10x_tim.o(.ARM.exidx.text.TIM_SelectOutputTrigger), (8 bytes).
    Removing stm32f10x_tim.o(.text.TIM_SelectSlaveMode), (16 bytes).
    Removing stm32f10x_tim.o(.ARM.exidx.text.TIM_SelectSlaveMode), (8 bytes).
    Removing stm32f10x_tim.o(.text.TIM_SelectMasterSlaveMode), (16 bytes).
    Removing stm32f10x_tim.o(.ARM.exidx.text.TIM_SelectMasterSlaveMode), (8 bytes).
    Removing stm32f10x_tim.o(.ARM.exidx.text.TIM_SetCounter), (8 bytes).
    Removing stm32f10x_tim.o(.text.TIM_SetAutoreload), (4 bytes).
    Removing stm32f10x_tim.o(.ARM.exidx.text.TIM_SetAutoreload), (8 bytes).
    Removing stm32f10x_tim.o(.text.TIM_SetCompare1), (4 bytes).
    Removing stm32f10x_tim.o(.ARM.exidx.text.TIM_SetCompare1), (8 bytes).
    Removing stm32f10x_tim.o(.text.TIM_SetCompare2), (4 bytes).
    Removing stm32f10x_tim.o(.ARM.exidx.text.TIM_SetCompare2), (8 bytes).
    Removing stm32f10x_tim.o(.text.TIM_SetCompare3), (4 bytes).
    Removing stm32f10x_tim.o(.ARM.exidx.text.TIM_SetCompare3), (8 bytes).
    Removing stm32f10x_tim.o(.text.TIM_SetCompare4), (6 bytes).
    Removing stm32f10x_tim.o(.ARM.exidx.text.TIM_SetCompare4), (8 bytes).
    Removing stm32f10x_tim.o(.text.TIM_SetClockDivision), (16 bytes).
    Removing stm32f10x_tim.o(.ARM.exidx.text.TIM_SetClockDivision), (8 bytes).
    Removing stm32f10x_tim.o(.text.TIM_GetCapture1), (4 bytes).
    Removing stm32f10x_tim.o(.ARM.exidx.text.TIM_GetCapture1), (8 bytes).
    Removing stm32f10x_tim.o(.text.TIM_GetCapture2), (4 bytes).
    Removing stm32f10x_tim.o(.ARM.exidx.text.TIM_GetCapture2), (8 bytes).
    Removing stm32f10x_tim.o(.text.TIM_GetCapture3), (4 bytes).
    Removing stm32f10x_tim.o(.ARM.exidx.text.TIM_GetCapture3), (8 bytes).
    Removing stm32f10x_tim.o(.text.TIM_GetCapture4), (6 bytes).
    Removing stm32f10x_tim.o(.ARM.exidx.text.TIM_GetCapture4), (8 bytes).
    Removing stm32f10x_tim.o(.ARM.exidx.text.TIM_GetCounter), (8 bytes).
    Removing stm32f10x_tim.o(.text.TIM_GetPrescaler), (4 bytes).
    Removing stm32f10x_tim.o(.ARM.exidx.text.TIM_GetPrescaler), (8 bytes).
    Removing stm32f10x_tim.o(.text.TIM_GetFlagStatus), (10 bytes).
    Removing stm32f10x_tim.o(.ARM.exidx.text.TIM_GetFlagStatus), (8 bytes).
    Removing stm32f10x_tim.o(.text.TIM_ClearFlag), (6 bytes).
    Removing stm32f10x_tim.o(.ARM.exidx.text.TIM_ClearFlag), (8 bytes).
    Removing stm32f10x_tim.o(.text.TIM_GetITStatus), (20 bytes).
    Removing stm32f10x_tim.o(.ARM.exidx.text.TIM_GetITStatus), (8 bytes).
    Removing stm32f10x_tim.o(.text.TIM_ClearITPendingBit), (6 bytes).
    Removing stm32f10x_tim.o(.ARM.exidx.text.TIM_ClearITPendingBit), (8 bytes).
    Removing system_stm32f10x.o(.text), (0 bytes).
    Removing system_stm32f10x.o(.ARM.exidx.text.SystemInit), (8 bytes).
    Removing system_stm32f10x.o(.ARM.exidx.text.SetSysClock), (8 bytes).
    Removing system_stm32f10x.o(.text.SystemCoreClockUpdate), (110 bytes).
    Removing system_stm32f10x.o(.ARM.exidx.text.SystemCoreClockUpdate), (8 bytes).
    Removing system_stm32f10x.o(.ARM.exidx.text.SetSysClockTo72), (8 bytes).
    Removing system_stm32f10x.o(.rodata.AHBPrescTable), (16 bytes).

445 unused section(s) (total 7608 bytes) removed from the image.

==============================================================================

Image Symbol Table

    Local Symbols

    Symbol Name                              Value     Ov Type        Size  Object(Section)

    ../clib/angel/boardlib.s                 0x00000000   Number         0  boardinit1.o ABSOLUTE
    ../clib/angel/boardlib.s                 0x00000000   Number         0  boardinit2.o ABSOLUTE
    ../clib/angel/boardlib.s                 0x00000000   Number         0  boardinit3.o ABSOLUTE
    ../clib/angel/boardlib.s                 0x00000000   Number         0  boardshut.o ABSOLUTE
    ../clib/angel/handlers.s                 0x00000000   Number         0  __scatter_copy.o ABSOLUTE
    ../clib/angel/handlers.s                 0x00000000   Number         0  __scatter_zi.o ABSOLUTE
    ../clib/angel/kernel.s                   0x00000000   Number         0  __rtentry.o ABSOLUTE
    ../clib/angel/kernel.s                   0x00000000   Number         0  __rtentry2.o ABSOLUTE
    ../clib/angel/kernel.s                   0x00000000   Number         0  __rtentry4.o ABSOLUTE
    ../clib/angel/kernel.s                   0x00000000   Number         0  rtexit.o ABSOLUTE
    ../clib/angel/kernel.s                   0x00000000   Number         0  rtexit2.o ABSOLUTE
    ../clib/angel/rt.s                       0x00000000   Number         0  rt_raise.o ABSOLUTE
    ../clib/angel/scatter.s                  0x00000000   Number         0  __scatter.o ABSOLUTE
    ../clib/angel/startup.s                  0x00000000   Number         0  __main.o ABSOLUTE
    ../clib/angel/sys.s                      0x00000000   Number         0  sys_stackheap_outer.o ABSOLUTE
    ../clib/angel/sys.s                      0x00000000   Number         0  libspace.o ABSOLUTE
    ../clib/angel/sys.s                      0x00000000   Number         0  use_no_semi.o ABSOLUTE
    ../clib/angel/sys.s                      0x00000000   Number         0  indicate_semi.o ABSOLUTE
    ../clib/angel/sysapp.c                   0x00000000   Number         0  sys_exit.o ABSOLUTE
    ../clib/angel/sysapp.c                   0x00000000   Number         0  sys_exit_hlt.o ABSOLUTE
    ../clib/angel/sysapp.c                   0x00000000   Number         0  sys_command.o ABSOLUTE
    ../clib/angel/sysapp.c                   0x00000000   Number         0  sys_command_hlt.o ABSOLUTE
    ../clib/angel/sysapp.c                   0x00000000   Number         0  sys_wrch.o ABSOLUTE
    ../clib/angel/sysapp.c                   0x00000000   Number         0  sys_wrch_hlt.o ABSOLUTE
    ../clib/armsys.c                         0x00000000   Number         0  argv_veneer.o ABSOLUTE
    ../clib/armsys.c                         0x00000000   Number         0  argv_veneer.o ABSOLUTE
    ../clib/armsys.c                         0x00000000   Number         0  _get_argv_nomalloc.o ABSOLUTE
    ../clib/armsys.c                         0x00000000   Number         0  no_argv.o ABSOLUTE
    ../clib/heapalloc.c                      0x00000000   Number         0  hrguard.o ABSOLUTE
    ../clib/heapaux.c                        0x00000000   Number         0  heapauxi.o ABSOLUTE
    ../clib/libinit.s                        0x00000000   Number         0  libinit.o ABSOLUTE
    ../clib/libinit.s                        0x00000000   Number         0  libinit2.o ABSOLUTE
    ../clib/libinit.s                        0x00000000   Number         0  libshutdown.o ABSOLUTE
    ../clib/libinit.s                        0x00000000   Number         0  libshutdown2.o ABSOLUTE
    ../clib/misc.s                           0x00000000   Number         0  printf_stubs.o ABSOLUTE
    ../clib/printf.c                         0x00000000   Number         0  __2sprintf.o ABSOLUTE
    ../clib/printf.c                         0x00000000   Number         0  noretval__2sprintf.o ABSOLUTE
    ../clib/printf.c                         0x00000000   Number         0  __printf.o ABSOLUTE
    ../clib/printf.c                         0x00000000   Number         0  _printf_pad.o ABSOLUTE
    ../clib/printf.c                         0x00000000   Number         0  _printf_hex_ll.o ABSOLUTE
    ../clib/printf.c                         0x00000000   Number         0  _printf_hex_int.o ABSOLUTE
    ../clib/printf.c                         0x00000000   Number         0  _printf_hex_int_ll.o ABSOLUTE
    ../clib/printf.c                         0x00000000   Number         0  _printf_hex_ptr.o ABSOLUTE
    ../clib/printf.c                         0x00000000   Number         0  _printf_hex_int_ptr.o ABSOLUTE
    ../clib/printf.c                         0x00000000   Number         0  _printf_hex_ll_ptr.o ABSOLUTE
    ../clib/printf.c                         0x00000000   Number         0  _printf_hex_int_ll_ptr.o ABSOLUTE
    ../clib/printf.c                         0x00000000   Number         0  __printf_flags.o ABSOLUTE
    ../clib/printf.c                         0x00000000   Number         0  __printf_ss.o ABSOLUTE
    ../clib/printf.c                         0x00000000   Number         0  __printf_flags_ss.o ABSOLUTE
    ../clib/printf.c                         0x00000000   Number         0  __printf_wp.o ABSOLUTE
    ../clib/printf.c                         0x00000000   Number         0  __printf_flags_wp.o ABSOLUTE
    ../clib/printf.c                         0x00000000   Number         0  __printf_ss_wp.o ABSOLUTE
    ../clib/printf.c                         0x00000000   Number         0  __printf_flags_ss_wp.o ABSOLUTE
    ../clib/printf.c                         0x00000000   Number         0  _printf_intcommon.o ABSOLUTE
    ../clib/printf.c                         0x00000000   Number         0  _printf_char_common.o ABSOLUTE
    ../clib/printf.c                         0x00000000   Number         0  _sputc.o ABSOLUTE
    ../clib/printf.c                         0x00000000   Number         0  __printf_nopercent.o ABSOLUTE
    ../clib/printf_percent.s                 0x00000000   Number         0  _printf_x.o ABSOLUTE
    ../clib/printf_percent.s                 0x00000000   Number         0  _printf_percent.o ABSOLUTE
    ../clib/printf_percent.s                 0x00000000   Number         0  _printf_percent_end.o ABSOLUTE
    ../clib/signal.c                         0x00000000   Number         0  defsig_rtmem_outer.o ABSOLUTE
    ../clib/signal.c                         0x00000000   Number         0  defsig_rtmem_formal.o ABSOLUTE
    ../clib/signal.c                         0x00000000   Number         0  defsig_exit.o ABSOLUTE
    ../clib/signal.c                         0x00000000   Number         0  defsig_rtmem_inner.o ABSOLUTE
    ../clib/signal.c                         0x00000000   Number         0  __raise.o ABSOLUTE
    ../clib/signal.c                         0x00000000   Number         0  defsig_general.o ABSOLUTE
    ../clib/signal.c                         0x00000000   Number         0  defsig_abrt_inner.o ABSOLUTE
    ../clib/signal.c                         0x00000000   Number         0  defsig_fpe_inner.o ABSOLUTE
    ../clib/signal.c                         0x00000000   Number         0  defsig_rtred_inner.o ABSOLUTE
    ../clib/signal.c                         0x00000000   Number         0  defsig_stak_inner.o ABSOLUTE
    ../clib/signal.c                         0x00000000   Number         0  defsig_pvfn_inner.o ABSOLUTE
    ../clib/signal.c                         0x00000000   Number         0  defsig_cppl_inner.o ABSOLUTE
    ../clib/signal.c                         0x00000000   Number         0  defsig_segv_inner.o ABSOLUTE
    ../clib/signal.c                         0x00000000   Number         0  defsig_other.o ABSOLUTE
    ../clib/signal.s                         0x00000000   Number         0  defsig.o ABSOLUTE
    ../clib/stdlib.c                         0x00000000   Number         0  exit.o ABSOLUTE
    ../fplib/fpinit.s                        0x00000000   Number         0  fpinit.o ABSOLUTE
    ../fplib/fpinit_empty.s                  0x00000000   Number         0  fpinit_empty.o ABSOLUTE
    RTE/Device/STM32F103C8/startup_stm32f10x_md.s 0x00000000   Number         0  startup_stm32f10x_md.o ABSOLUTE
    dc.s                                     0x00000000   Number         0  dc.o ABSOLUTE
    delay.c                                  0x00000000   Number         0  delay.o ABSOLUTE
    i2c.c                                    0x00000000   Number         0  i2c.o ABSOLUTE
    i2c_lcd.c                                0x00000000   Number         0  i2c_lcd.o ABSOLUTE
    main.c                                   0x00000000   Number         0  main.o ABSOLUTE
    mfrc522.c                                0x00000000   Number         0  mfrc522.o ABSOLUTE
    misc.c                                   0x00000000   Number         0  misc.o ABSOLUTE
    spi.c                                    0x00000000   Number         0  spi.o ABSOLUTE
    stm32f10x_gpio.c                         0x00000000   Number         0  stm32f10x_gpio.o ABSOLUTE
    stm32f10x_i2c.c                          0x00000000   Number         0  stm32f10x_i2c.o ABSOLUTE
    stm32f10x_rcc.c                          0x00000000   Number         0  stm32f10x_rcc.o ABSOLUTE
    stm32f10x_spi.c                          0x00000000   Number         0  stm32f10x_spi.o ABSOLUTE
    stm32f10x_tim.c                          0x00000000   Number         0  stm32f10x_tim.o ABSOLUTE
    system_stm32f10x.c                       0x00000000   Number         0  system_stm32f10x.o ABSOLUTE
    RESET                                    0x08000000   Section      236  startup_stm32f10x_md.o(RESET)
    !!!main                                  0x080000ec   Section        8  __main.o(!!!main)
    !!!scatter                               0x080000f4   Section       52  __scatter.o(!!!scatter)
    !!handler_copy                           0x08000128   Section       26  __scatter_copy.o(!!handler_copy)
    !!handler_zi                             0x08000144   Section       28  __scatter_zi.o(!!handler_zi)
    .ARM.Collect$$_printf_percent$$00000000  0x08000160   Section        0  _printf_percent.o(.ARM.Collect$$_printf_percent$$00000000)
    .ARM.Collect$$_printf_percent$$0000000C  0x08000160   Section        6  _printf_x.o(.ARM.Collect$$_printf_percent$$0000000C)
    .ARM.Collect$$_printf_percent$$00000017  0x08000166   Section        4  _printf_percent_end.o(.ARM.Collect$$_printf_percent$$00000017)
    .ARM.Collect$$libinit$$00000000          0x0800016a   Section        2  libinit.o(.ARM.Collect$$libinit$$00000000)
    .ARM.Collect$$libinit$$00000002          0x0800016c   Section        0  libinit2.o(.ARM.Collect$$libinit$$00000002)
    .ARM.Collect$$libinit$$00000004          0x0800016c   Section        0  libinit2.o(.ARM.Collect$$libinit$$00000004)
    .ARM.Collect$$libinit$$0000000A          0x0800016c   Section        0  libinit2.o(.ARM.Collect$$libinit$$0000000A)
    .ARM.Collect$$libinit$$0000000C          0x0800016c   Section        0  libinit2.o(.ARM.Collect$$libinit$$0000000C)
    .ARM.Collect$$libinit$$0000000E          0x0800016c   Section        0  libinit2.o(.ARM.Collect$$libinit$$0000000E)
    .ARM.Collect$$libinit$$00000011          0x0800016c   Section        0  libinit2.o(.ARM.Collect$$libinit$$00000011)
    .ARM.Collect$$libinit$$00000013          0x0800016c   Section        0  libinit2.o(.ARM.Collect$$libinit$$00000013)
    .ARM.Collect$$libinit$$00000015          0x0800016c   Section        0  libinit2.o(.ARM.Collect$$libinit$$00000015)
    .ARM.Collect$$libinit$$00000017          0x0800016c   Section        0  libinit2.o(.ARM.Collect$$libinit$$00000017)
    .ARM.Collect$$libinit$$00000019          0x0800016c   Section        0  libinit2.o(.ARM.Collect$$libinit$$00000019)
    .ARM.Collect$$libinit$$0000001B          0x0800016c   Section        0  libinit2.o(.ARM.Collect$$libinit$$0000001B)
    .ARM.Collect$$libinit$$0000001D          0x0800016c   Section        0  libinit2.o(.ARM.Collect$$libinit$$0000001D)
    .ARM.Collect$$libinit$$0000001F          0x0800016c   Section        0  libinit2.o(.ARM.Collect$$libinit$$0000001F)
    .ARM.Collect$$libinit$$00000021          0x0800016c   Section        0  libinit2.o(.ARM.Collect$$libinit$$00000021)
    .ARM.Collect$$libinit$$00000023          0x0800016c   Section        0  libinit2.o(.ARM.Collect$$libinit$$00000023)
    .ARM.Collect$$libinit$$00000025          0x0800016c   Section        0  libinit2.o(.ARM.Collect$$libinit$$00000025)
    .ARM.Collect$$libinit$$0000002C          0x0800016c   Section        0  libinit2.o(.ARM.Collect$$libinit$$0000002C)
    .ARM.Collect$$libinit$$0000002E          0x0800016c   Section        0  libinit2.o(.ARM.Collect$$libinit$$0000002E)
    .ARM.Collect$$libinit$$00000030          0x0800016c   Section        0  libinit2.o(.ARM.Collect$$libinit$$00000030)
    .ARM.Collect$$libinit$$00000032          0x0800016c   Section        0  libinit2.o(.ARM.Collect$$libinit$$00000032)
    .ARM.Collect$$libinit$$00000033          0x0800016c   Section        2  libinit2.o(.ARM.Collect$$libinit$$00000033)
    .ARM.Collect$$libshutdown$$00000000      0x0800016e   Section        2  libshutdown.o(.ARM.Collect$$libshutdown$$00000000)
    .ARM.Collect$$libshutdown$$00000002      0x08000170   Section        0  libshutdown2.o(.ARM.Collect$$libshutdown$$00000002)
    .ARM.Collect$$libshutdown$$00000004      0x08000170   Section        0  libshutdown2.o(.ARM.Collect$$libshutdown$$00000004)
    .ARM.Collect$$libshutdown$$00000007      0x08000170   Section        0  libshutdown2.o(.ARM.Collect$$libshutdown$$00000007)
    .ARM.Collect$$libshutdown$$0000000A      0x08000170   Section        0  libshutdown2.o(.ARM.Collect$$libshutdown$$0000000A)
    .ARM.Collect$$libshutdown$$0000000C      0x08000170   Section        0  libshutdown2.o(.ARM.Collect$$libshutdown$$0000000C)
    .ARM.Collect$$libshutdown$$0000000F      0x08000170   Section        0  libshutdown2.o(.ARM.Collect$$libshutdown$$0000000F)
    .ARM.Collect$$libshutdown$$00000010      0x08000170   Section        2  libshutdown2.o(.ARM.Collect$$libshutdown$$00000010)
    .ARM.Collect$$rtentry$$00000000          0x08000172   Section        0  __rtentry.o(.ARM.Collect$$rtentry$$00000000)
    .ARM.Collect$$rtentry$$00000002          0x08000172   Section        0  __rtentry2.o(.ARM.Collect$$rtentry$$00000002)
    .ARM.Collect$$rtentry$$00000004          0x08000172   Section        6  __rtentry4.o(.ARM.Collect$$rtentry$$00000004)
    .ARM.Collect$$rtentry$$00000009          0x08000178   Section        0  __rtentry2.o(.ARM.Collect$$rtentry$$00000009)
    .ARM.Collect$$rtentry$$0000000A          0x08000178   Section        4  __rtentry2.o(.ARM.Collect$$rtentry$$0000000A)
    .ARM.Collect$$rtentry$$0000000C          0x0800017c   Section        0  __rtentry2.o(.ARM.Collect$$rtentry$$0000000C)
    .ARM.Collect$$rtentry$$0000000D          0x0800017c   Section        8  __rtentry2.o(.ARM.Collect$$rtentry$$0000000D)
    .ARM.Collect$$rtexit$$00000000           0x08000184   Section        2  rtexit.o(.ARM.Collect$$rtexit$$00000000)
    .ARM.Collect$$rtexit$$00000002           0x08000186   Section        0  rtexit2.o(.ARM.Collect$$rtexit$$00000002)
    .ARM.Collect$$rtexit$$00000003           0x08000186   Section        4  rtexit2.o(.ARM.Collect$$rtexit$$00000003)
    .ARM.Collect$$rtexit$$00000004           0x0800018a   Section        6  rtexit2.o(.ARM.Collect$$rtexit$$00000004)
    .text                                    0x08000190   Section       64  startup_stm32f10x_md.o(.text)
    .text                                    0x080001d0   Section        0  noretval__2sprintf.o(.text)
    .text                                    0x080001f8   Section        0  _printf_pad.o(.text)
    .text                                    0x08000248   Section        0  _printf_hex_int.o(.text)
    .text                                    0x080002a0   Section        0  __printf_flags_wp.o(.text)
    .text                                    0x080003d8   Section        0  heapauxi.o(.text)
    .text                                    0x080003de   Section        0  _printf_intcommon.o(.text)
    _printf_input_char                       0x08000491   Thumb Code    10  _printf_char_common.o(.text)
    .text                                    0x08000490   Section        0  _printf_char_common.o(.text)
    .text                                    0x080004c0   Section        0  _sputc.o(.text)
    .text                                    0x080004ca   Section       74  sys_stackheap_outer.o(.text)
    .text                                    0x08000514   Section        0  exit.o(.text)
    .text                                    0x08000528   Section        8  libspace.o(.text)
    .text                                    0x08000530   Section        0  sys_exit.o(.text)
    .text                                    0x0800053c   Section        2  use_no_semi.o(.text)
    .text                                    0x0800053e   Section        0  indicate_semi.o(.text)
    [Anonymous Symbol]                       0x08000540   Section        0  delay.o(.text.Delay_Init)
    [Anonymous Symbol]                       0x08000548   Section        0  delay.o(.text.Delay_Ms)
    [Anonymous Symbol]                       0x08000564   Section        0  delay.o(.text.Delay_Us)
    [Anonymous Symbol]                       0x08000584   Section        0  stm32f10x_gpio.o(.text.GPIO_Init)
    [Anonymous Symbol]                       0x08000634   Section        0  stm32f10x_gpio.o(.text.GPIO_ResetBits)
    [Anonymous Symbol]                       0x08000638   Section        0  stm32f10x_gpio.o(.text.GPIO_SetBits)
    [Anonymous Symbol]                       0x0800063c   Section        0  stm32f10x_gpio.o(.text.GPIO_StructInit)
    [Anonymous Symbol]                       0x08000648   Section        0  stm32f10x_i2c.o(.text.I2C_AcknowledgeConfig)
    [Anonymous Symbol]                       0x0800065c   Section        0  stm32f10x_i2c.o(.text.I2C_CheckEvent)
    [Anonymous Symbol]                       0x08000674   Section        0  stm32f10x_i2c.o(.text.I2C_Cmd)
    [Anonymous Symbol]                       0x08000688   Section        0  stm32f10x_i2c.o(.text.I2C_GenerateSTART)
    [Anonymous Symbol]                       0x0800069c   Section        0  stm32f10x_i2c.o(.text.I2C_GenerateSTOP)
    [Anonymous Symbol]                       0x080006b0   Section        0  stm32f10x_i2c.o(.text.I2C_GetFlagStatus)
    [Anonymous Symbol]                       0x080006e0   Section        0  stm32f10x_i2c.o(.text.I2C_Init)
    [Anonymous Symbol]                       0x080007ac   Section        0  i2c_lcd.o(.text.I2C_LCD_BackLight)
    [Anonymous Symbol]                       0x080007c4   Section        0  i2c_lcd.o(.text.I2C_LCD_Clear)
    I2C_LCD_FlushVal                         0x080007d1   Thumb Code    60  i2c_lcd.o(.text.I2C_LCD_FlushVal)
    [Anonymous Symbol]                       0x080007d0   Section        0  i2c_lcd.o(.text.I2C_LCD_FlushVal)
    [Anonymous Symbol]                       0x0800080c   Section        0  i2c_lcd.o(.text.I2C_LCD_Init)
    [Anonymous Symbol]                       0x08000880   Section        0  i2c_lcd.o(.text.I2C_LCD_NewLine)
    [Anonymous Symbol]                       0x0800088c   Section        0  i2c_lcd.o(.text.I2C_LCD_Puts)
    I2C_LCD_WriteCmd                         0x080008a9   Thumb Code    44  i2c_lcd.o(.text.I2C_LCD_WriteCmd)
    [Anonymous Symbol]                       0x080008a8   Section        0  i2c_lcd.o(.text.I2C_LCD_WriteCmd)
    I2C_LCD_Write_4bit                       0x080008d5   Thumb Code    52  i2c_lcd.o(.text.I2C_LCD_Write_4bit)
    [Anonymous Symbol]                       0x080008d4   Section        0  i2c_lcd.o(.text.I2C_LCD_Write_4bit)
    [Anonymous Symbol]                       0x08000908   Section        0  stm32f10x_i2c.o(.text.I2C_NACKPositionConfig)
    [Anonymous Symbol]                       0x0800091c   Section        0  i2c.o(.text.I2C_Read)
    [Anonymous Symbol]                       0x08000930   Section        0  stm32f10x_i2c.o(.text.I2C_ReceiveData)
    [Anonymous Symbol]                       0x08000938   Section        0  stm32f10x_i2c.o(.text.I2C_Send7bitAddress)
    [Anonymous Symbol]                       0x08000948   Section        0  stm32f10x_i2c.o(.text.I2C_SendData)
    [Anonymous Symbol]                       0x0800094c   Section        0  stm32f10x_i2c.o(.text.I2C_StructInit)
    [Anonymous Symbol]                       0x08000964   Section        0  i2c.o(.text.I2C_Write)
    [Anonymous Symbol]                       0x08000978   Section        0  i2c_lcd.o(.text.LCD_WaitBusy)
    [Anonymous Symbol]                       0x080009d4   Section        0  i2c_lcd.o(.text.LCD_Write_Chr)
    [Anonymous Symbol]                       0x08000a04   Section        0  main.o(.text.My_GPIO_Init)
    [Anonymous Symbol]                       0x08000a2c   Section        0  i2c.o(.text.My_I2C_Init)
    [Anonymous Symbol]                       0x08000a48   Section        0  stm32f10x_rcc.o(.text.RCC_APB1PeriphClockCmd)
    [Anonymous Symbol]                       0x08000a60   Section        0  stm32f10x_rcc.o(.text.RCC_APB1PeriphResetCmd)
    [Anonymous Symbol]                       0x08000a78   Section        0  stm32f10x_rcc.o(.text.RCC_APB2PeriphClockCmd)
    [Anonymous Symbol]                       0x08000a90   Section        0  stm32f10x_rcc.o(.text.RCC_GetClocksFreq)
    [Anonymous Symbol]                       0x08000b30   Section        0  stm32f10x_spi.o(.text.SPI_Cmd)
    [Anonymous Symbol]                       0x08000b44   Section        0  stm32f10x_spi.o(.text.SPI_I2S_GetFlagStatus)
    [Anonymous Symbol]                       0x08000b50   Section        0  stm32f10x_spi.o(.text.SPI_I2S_ReceiveData)
    [Anonymous Symbol]                       0x08000b54   Section        0  stm32f10x_spi.o(.text.SPI_I2S_SendData)
    [Anonymous Symbol]                       0x08000b58   Section        0  stm32f10x_spi.o(.text.SPI_Init)
    SetSysClock                              0x08000ba1   Thumb Code     8  system_stm32f10x.o(.text.SetSysClock)
    [Anonymous Symbol]                       0x08000ba0   Section        0  system_stm32f10x.o(.text.SetSysClock)
    SetSysClockTo72                          0x08000ba9   Thumb Code   190  system_stm32f10x.o(.text.SetSysClockTo72)
    [Anonymous Symbol]                       0x08000ba8   Section        0  system_stm32f10x.o(.text.SetSysClockTo72)
    [Anonymous Symbol]                       0x08000c68   Section        0  system_stm32f10x.o(.text.SystemInit)
    [Anonymous Symbol]                       0x08000cc0   Section        0  stm32f10x_tim.o(.text.TIM_Cmd)
    [Anonymous Symbol]                       0x08000cd4   Section        0  stm32f10x_tim.o(.text.TIM_GetCounter)
    [Anonymous Symbol]                       0x08000cd8   Section        0  stm32f10x_tim.o(.text.TIM_SetCounter)
    [Anonymous Symbol]                       0x08000cdc   Section        0  stm32f10x_tim.o(.text.TIM_TimeBaseInit)
    [Anonymous Symbol]                       0x08000d88   Section        0  mfrc522.o(.text.TM_MFRC522_AntennaOn)
    [Anonymous Symbol]                       0x08000da0   Section        0  mfrc522.o(.text.TM_MFRC522_Anticoll)
    [Anonymous Symbol]                       0x08000df0   Section        0  mfrc522.o(.text.TM_MFRC522_CalculateCRC)
    [Anonymous Symbol]                       0x08000e48   Section        0  mfrc522.o(.text.TM_MFRC522_Check)
    [Anonymous Symbol]                       0x08000e68   Section        0  mfrc522.o(.text.TM_MFRC522_ClearBitMask)
    [Anonymous Symbol]                       0x08000e80   Section        0  mfrc522.o(.text.TM_MFRC522_Halt)
    [Anonymous Symbol]                       0x08000eb0   Section        0  mfrc522.o(.text.TM_MFRC522_Init)
    [Anonymous Symbol]                       0x08000efc   Section        0  spi.o(.text.TM_MFRC522_InitPins)
    [Anonymous Symbol]                       0x08000f30   Section        0  mfrc522.o(.text.TM_MFRC522_ReadRegister)
    [Anonymous Symbol]                       0x08000f68   Section        0  mfrc522.o(.text.TM_MFRC522_Request)
    [Anonymous Symbol]                       0x08000fa8   Section        0  mfrc522.o(.text.TM_MFRC522_Reset)
    [Anonymous Symbol]                       0x08000fb4   Section        0  mfrc522.o(.text.TM_MFRC522_SetBitMask)
    [Anonymous Symbol]                       0x08000fcc   Section        0  mfrc522.o(.text.TM_MFRC522_ToCard)
    [Anonymous Symbol]                       0x080010dc   Section        0  mfrc522.o(.text.TM_MFRC522_WriteRegister)
    [Anonymous Symbol]                       0x08001110   Section        0  spi.o(.text.TM_SPI_Init)
    [Anonymous Symbol]                       0x08001188   Section        0  spi.o(.text.TM_SPI_Send)
    Timer_Init                               0x080011b5   Thumb Code    90  delay.o(.text.Timer_Init)
    [Anonymous Symbol]                       0x080011b4   Section        0  delay.o(.text.Timer_Init)
    [Anonymous Symbol]                       0x08001210   Section        0  i2c.o(.text.lib_I2C_LowLevel_Init)
    [Anonymous Symbol]                       0x080012c0   Section        0  i2c.o(.text.lib_I2C_Read)
    [Anonymous Symbol]                       0x080014f0   Section        0  i2c.o(.text.lib_I2C_Write)
    [Anonymous Symbol]                       0x08001628   Section        0  main.o(.text.main)
    i._is_digit                              0x080016f8   Section        0  __printf_wp.o(i._is_digit)
    uc_hextab                                0x08001706   Data          20  _printf_hex_int.o(.constdata)
    .constdata                               0x08001706   Section       40  _printf_hex_int.o(.constdata)
    lc_hextab                                0x0800171a   Data          20  _printf_hex_int.o(.constdata)
    maptable                                 0x0800172e   Data          17  __printf_flags_wp.o(.constdata)
    .constdata                               0x0800172e   Section       17  __printf_flags_wp.o(.constdata)
    ADCPrescTable                            0x0800173f   Data           4  stm32f10x_rcc.o(.rodata.ADCPrescTable)
    [Anonymous Symbol]                       0x0800173f   Section        0  stm32f10x_rcc.o(.rodata.ADCPrescTable)
    APBAHBPrescTable                         0x08001743   Data          16  stm32f10x_rcc.o(.rodata.APBAHBPrescTable)
    [Anonymous Symbol]                       0x08001743   Section        0  stm32f10x_rcc.o(.rodata.APBAHBPrescTable)
    .L.str                                   0x08001753   Data          16  main.o(.rodata.str1.1)
    [Anonymous Symbol]                       0x08001753   Section        0  main.o(.rodata.str1.1)
    .bss                                     0x20000008   Section       96  libspace.o(.bss)
    u8LCD_Buff                               0x200000d8   Data           8  i2c_lcd.o(.bss.u8LCD_Buff)
    [Anonymous Symbol]                       0x200000d8   Section        0  i2c_lcd.o(.bss.u8LCD_Buff)
    u8LcdTmp                                 0x200000e0   Data           1  i2c_lcd.o(.bss.u8LcdTmp)
    [Anonymous Symbol]                       0x200000e0   Section        0  i2c_lcd.o(.bss.u8LcdTmp)
    Heap_Mem                                 0x200000e8   Data         512  startup_stm32f10x_md.o(HEAP)
    HEAP                                     0x200000e8   Section      512  startup_stm32f10x_md.o(HEAP)
    Stack_Mem                                0x200002e8   Data        1024  startup_stm32f10x_md.o(STACK)
    STACK                                    0x200002e8   Section     1024  startup_stm32f10x_md.o(STACK)
    __initial_sp                             0x200006e8   Data           0  startup_stm32f10x_md.o(STACK)

    Global Symbols

    Symbol Name                              Value     Ov Type        Size  Object(Section)

    BuildAttributes$$THM_ISAv4$P$D$K$B$S$PE$A:L22UL41UL21$X:L11$S22US41US21$IEEE1$IW$~IW$USESV6$~STKCKD$USESV7$~SHL$OTIME$ROPI$EBA8$UX$STANDARDLIB$REQ8$PRES8$EABIv2 0x00000000   Number         0  anon$$obj.o ABSOLUTE
    __fp_init_empty                          0x00000000   Number         0  fpinit_empty.o ABSOLUTE
    _printf_flags                            0x00000000   Number         0  printf_stubs.o ABSOLUTE
    _printf_return_value                     0x00000000   Number         0  printf_stubs.o ABSOLUTE
    _printf_sizespec                         0x00000000   Number         0  printf_stubs.o ABSOLUTE
    _printf_widthprec                        0x00000000   Number         0  printf_stubs.o ABSOLUTE
    __ARM_exceptions_init                     - Undefined Weak Reference
    __alloca_initialize                       - Undefined Weak Reference
    __arm_preinit_                            - Undefined Weak Reference
    __cpp_initialize__aeabi_                  - Undefined Weak Reference
    __cxa_finalize                            - Undefined Weak Reference
    __rt_locale                               - Undefined Weak Reference
    __sigvec_lookup                           - Undefined Weak Reference
    _atexit_init                              - Undefined Weak Reference
    _call_atexit_fns                          - Undefined Weak Reference
    _clock_init                               - Undefined Weak Reference
    _fp_trap_init                             - Undefined Weak Reference
    _fp_trap_shutdown                         - Undefined Weak Reference
    _get_lc_collate                           - Undefined Weak Reference
    _get_lc_ctype                             - Undefined Weak Reference
    _get_lc_monetary                          - Undefined Weak Reference
    _get_lc_numeric                           - Undefined Weak Reference
    _get_lc_time                              - Undefined Weak Reference
    _getenv_init                              - Undefined Weak Reference
    _handle_redirection                       - Undefined Weak Reference
    _init_alloc                               - Undefined Weak Reference
    _init_user_alloc                          - Undefined Weak Reference
    _initio                                   - Undefined Weak Reference
    _printf_truncate_unsigned                 - Undefined Weak Reference
    _rand_init                                - Undefined Weak Reference
    _signal_finish                            - Undefined Weak Reference
    _signal_init                              - Undefined Weak Reference
    _terminate_alloc                          - Undefined Weak Reference
    _terminate_user_alloc                     - Undefined Weak Reference
    _terminateio                              - Undefined Weak Reference
    __Vectors_Size                           0x000000ec   Number         0  startup_stm32f10x_md.o ABSOLUTE
    __Vectors                                0x08000000   Data           4  startup_stm32f10x_md.o(RESET)
    __Vectors_End                            0x080000ec   Data           0  startup_stm32f10x_md.o(RESET)
    __main                                   0x080000ed   Thumb Code     8  __main.o(!!!main)
    __scatterload                            0x080000f5   Thumb Code     0  __scatter.o(!!!scatter)
    __scatterload_rt2                        0x080000f5   Thumb Code    44  __scatter.o(!!!scatter)
    __scatterload_rt2_thumb_only             0x080000f5   Thumb Code     0  __scatter.o(!!!scatter)
    __scatterload_null                       0x08000103   Thumb Code     0  __scatter.o(!!!scatter)
    __scatterload_copy                       0x08000129   Thumb Code    26  __scatter_copy.o(!!handler_copy)
    __scatterload_zeroinit                   0x08000145   Thumb Code    28  __scatter_zi.o(!!handler_zi)
    _printf_percent                          0x08000161   Thumb Code     0  _printf_percent.o(.ARM.Collect$$_printf_percent$$00000000)
    _printf_x                                0x08000161   Thumb Code     0  _printf_x.o(.ARM.Collect$$_printf_percent$$0000000C)
    _printf_percent_end                      0x08000167   Thumb Code     0  _printf_percent_end.o(.ARM.Collect$$_printf_percent$$00000017)
    __rt_lib_init                            0x0800016b   Thumb Code     0  libinit.o(.ARM.Collect$$libinit$$00000000)
    __rt_lib_init_alloca_1                   0x0800016d   Thumb Code     0  libinit2.o(.ARM.Collect$$libinit$$0000002E)
    __rt_lib_init_argv_1                     0x0800016d   Thumb Code     0  libinit2.o(.ARM.Collect$$libinit$$0000002C)
    __rt_lib_init_atexit_1                   0x0800016d   Thumb Code     0  libinit2.o(.ARM.Collect$$libinit$$0000001B)
    __rt_lib_init_clock_1                    0x0800016d   Thumb Code     0  libinit2.o(.ARM.Collect$$libinit$$00000021)
    __rt_lib_init_cpp_1                      0x0800016d   Thumb Code     0  libinit2.o(.ARM.Collect$$libinit$$00000032)
    __rt_lib_init_exceptions_1               0x0800016d   Thumb Code     0  libinit2.o(.ARM.Collect$$libinit$$00000030)
    __rt_lib_init_fp_1                       0x0800016d   Thumb Code     0  libinit2.o(.ARM.Collect$$libinit$$00000002)
    __rt_lib_init_fp_trap_1                  0x0800016d   Thumb Code     0  libinit2.o(.ARM.Collect$$libinit$$0000001F)
    __rt_lib_init_getenv_1                   0x0800016d   Thumb Code     0  libinit2.o(.ARM.Collect$$libinit$$00000023)
    __rt_lib_init_heap_1                     0x0800016d   Thumb Code     0  libinit2.o(.ARM.Collect$$libinit$$0000000A)
    __rt_lib_init_lc_collate_1               0x0800016d   Thumb Code     0  libinit2.o(.ARM.Collect$$libinit$$00000011)
    __rt_lib_init_lc_ctype_1                 0x0800016d   Thumb Code     0  libinit2.o(.ARM.Collect$$libinit$$00000013)
    __rt_lib_init_lc_monetary_1              0x0800016d   Thumb Code     0  libinit2.o(.ARM.Collect$$libinit$$00000015)
    __rt_lib_init_lc_numeric_1               0x0800016d   Thumb Code     0  libinit2.o(.ARM.Collect$$libinit$$00000017)
    __rt_lib_init_lc_time_1                  0x0800016d   Thumb Code     0  libinit2.o(.ARM.Collect$$libinit$$00000019)
    __rt_lib_init_preinit_1                  0x0800016d   Thumb Code     0  libinit2.o(.ARM.Collect$$libinit$$00000004)
    __rt_lib_init_rand_1                     0x0800016d   Thumb Code     0  libinit2.o(.ARM.Collect$$libinit$$0000000E)
    __rt_lib_init_return                     0x0800016d   Thumb Code     0  libinit2.o(.ARM.Collect$$libinit$$00000033)
    __rt_lib_init_signal_1                   0x0800016d   Thumb Code     0  libinit2.o(.ARM.Collect$$libinit$$0000001D)
    __rt_lib_init_stdio_1                    0x0800016d   Thumb Code     0  libinit2.o(.ARM.Collect$$libinit$$00000025)
    __rt_lib_init_user_alloc_1               0x0800016d   Thumb Code     0  libinit2.o(.ARM.Collect$$libinit$$0000000C)
    __rt_lib_shutdown                        0x0800016f   Thumb Code     0  libshutdown.o(.ARM.Collect$$libshutdown$$00000000)
    __rt_lib_shutdown_cpp_1                  0x08000171   Thumb Code     0  libshutdown2.o(.ARM.Collect$$libshutdown$$00000002)
    __rt_lib_shutdown_fp_trap_1              0x08000171   Thumb Code     0  libshutdown2.o(.ARM.Collect$$libshutdown$$00000007)
    __rt_lib_shutdown_heap_1                 0x08000171   Thumb Code     0  libshutdown2.o(.ARM.Collect$$libshutdown$$0000000F)
    __rt_lib_shutdown_return                 0x08000171   Thumb Code     0  libshutdown2.o(.ARM.Collect$$libshutdown$$00000010)
    __rt_lib_shutdown_signal_1               0x08000171   Thumb Code     0  libshutdown2.o(.ARM.Collect$$libshutdown$$0000000A)
    __rt_lib_shutdown_stdio_1                0x08000171   Thumb Code     0  libshutdown2.o(.ARM.Collect$$libshutdown$$00000004)
    __rt_lib_shutdown_user_alloc_1           0x08000171   Thumb Code     0  libshutdown2.o(.ARM.Collect$$libshutdown$$0000000C)
    __rt_entry                               0x08000173   Thumb Code     0  __rtentry.o(.ARM.Collect$$rtentry$$00000000)
    __rt_entry_presh_1                       0x08000173   Thumb Code     0  __rtentry2.o(.ARM.Collect$$rtentry$$00000002)
    __rt_entry_sh                            0x08000173   Thumb Code     0  __rtentry4.o(.ARM.Collect$$rtentry$$00000004)
    __rt_entry_li                            0x08000179   Thumb Code     0  __rtentry2.o(.ARM.Collect$$rtentry$$0000000A)
    __rt_entry_postsh_1                      0x08000179   Thumb Code     0  __rtentry2.o(.ARM.Collect$$rtentry$$00000009)
    __rt_entry_main                          0x0800017d   Thumb Code     0  __rtentry2.o(.ARM.Collect$$rtentry$$0000000D)
    __rt_entry_postli_1                      0x0800017d   Thumb Code     0  __rtentry2.o(.ARM.Collect$$rtentry$$0000000C)
    __rt_exit                                0x08000185   Thumb Code     0  rtexit.o(.ARM.Collect$$rtexit$$00000000)
    __rt_exit_ls                             0x08000187   Thumb Code     0  rtexit2.o(.ARM.Collect$$rtexit$$00000003)
    __rt_exit_prels_1                        0x08000187   Thumb Code     0  rtexit2.o(.ARM.Collect$$rtexit$$00000002)
    __rt_exit_exit                           0x0800018b   Thumb Code     0  rtexit2.o(.ARM.Collect$$rtexit$$00000004)
    Reset_Handler                            0x08000191   Thumb Code     8  startup_stm32f10x_md.o(.text)
    NMI_Handler                              0x08000199   Thumb Code     2  startup_stm32f10x_md.o(.text)
    HardFault_Handler                        0x0800019b   Thumb Code     2  startup_stm32f10x_md.o(.text)
    MemManage_Handler                        0x0800019d   Thumb Code     2  startup_stm32f10x_md.o(.text)
    BusFault_Handler                         0x0800019f   Thumb Code     2  startup_stm32f10x_md.o(.text)
    UsageFault_Handler                       0x080001a1   Thumb Code     2  startup_stm32f10x_md.o(.text)
    SVC_Handler                              0x080001a3   Thumb Code     2  startup_stm32f10x_md.o(.text)
    DebugMon_Handler                         0x080001a5   Thumb Code     2  startup_stm32f10x_md.o(.text)
    PendSV_Handler                           0x080001a7   Thumb Code     2  startup_stm32f10x_md.o(.text)
    SysTick_Handler                          0x080001a9   Thumb Code     2  startup_stm32f10x_md.o(.text)
    ADC1_2_IRQHandler                        0x080001ab   Thumb Code     0  startup_stm32f10x_md.o(.text)
    CAN1_RX1_IRQHandler                      0x080001ab   Thumb Code     0  startup_stm32f10x_md.o(.text)
    CAN1_SCE_IRQHandler                      0x080001ab   Thumb Code     0  startup_stm32f10x_md.o(.text)
    DMA1_Channel1_IRQHandler                 0x080001ab   Thumb Code     0  startup_stm32f10x_md.o(.text)
    DMA1_Channel2_IRQHandler                 0x080001ab   Thumb Code     0  startup_stm32f10x_md.o(.text)
    DMA1_Channel3_IRQHandler                 0x080001ab   Thumb Code     0  startup_stm32f10x_md.o(.text)
    DMA1_Channel4_IRQHandler                 0x080001ab   Thumb Code     0  startup_stm32f10x_md.o(.text)
    DMA1_Channel5_IRQHandler                 0x080001ab   Thumb Code     0  startup_stm32f10x_md.o(.text)
    DMA1_Channel6_IRQHandler                 0x080001ab   Thumb Code     0  startup_stm32f10x_md.o(.text)
    DMA1_Channel7_IRQHandler                 0x080001ab   Thumb Code     0  startup_stm32f10x_md.o(.text)
    EXTI0_IRQHandler                         0x080001ab   Thumb Code     0  startup_stm32f10x_md.o(.text)
    EXTI15_10_IRQHandler                     0x080001ab   Thumb Code     0  startup_stm32f10x_md.o(.text)
    EXTI1_IRQHandler                         0x080001ab   Thumb Code     0  startup_stm32f10x_md.o(.text)
    EXTI2_IRQHandler                         0x080001ab   Thumb Code     0  startup_stm32f10x_md.o(.text)
    EXTI3_IRQHandler                         0x080001ab   Thumb Code     0  startup_stm32f10x_md.o(.text)
    EXTI4_IRQHandler                         0x080001ab   Thumb Code     0  startup_stm32f10x_md.o(.text)
    EXTI9_5_IRQHandler                       0x080001ab   Thumb Code     0  startup_stm32f10x_md.o(.text)
    FLASH_IRQHandler                         0x080001ab   Thumb Code     0  startup_stm32f10x_md.o(.text)
    I2C1_ER_IRQHandler                       0x080001ab   Thumb Code     0  startup_stm32f10x_md.o(.text)
    I2C1_EV_IRQHandler                       0x080001ab   Thumb Code     0  startup_stm32f10x_md.o(.text)
    I2C2_ER_IRQHandler                       0x080001ab   Thumb Code     0  startup_stm32f10x_md.o(.text)
    I2C2_EV_IRQHandler                       0x080001ab   Thumb Code     0  startup_stm32f10x_md.o(.text)
    PVD_IRQHandler                           0x080001ab   Thumb Code     0  startup_stm32f10x_md.o(.text)
    RCC_IRQHandler                           0x080001ab   Thumb Code     0  startup_stm32f10x_md.o(.text)
    RTCAlarm_IRQHandler                      0x080001ab   Thumb Code     0  startup_stm32f10x_md.o(.text)
    RTC_IRQHandler                           0x080001ab   Thumb Code     0  startup_stm32f10x_md.o(.text)
    SPI1_IRQHandler                          0x080001ab   Thumb Code     0  startup_stm32f10x_md.o(.text)
    SPI2_IRQHandler                          0x080001ab   Thumb Code     0  startup_stm32f10x_md.o(.text)
    TAMPER_IRQHandler                        0x080001ab   Thumb Code     0  startup_stm32f10x_md.o(.text)
    TIM1_BRK_IRQHandler                      0x080001ab   Thumb Code     0  startup_stm32f10x_md.o(.text)
    TIM1_CC_IRQHandler                       0x080001ab   Thumb Code     0  startup_stm32f10x_md.o(.text)
    TIM1_TRG_COM_IRQHandler                  0x080001ab   Thumb Code     0  startup_stm32f10x_md.o(.text)
    TIM1_UP_IRQHandler                       0x080001ab   Thumb Code     0  startup_stm32f10x_md.o(.text)
    TIM2_IRQHandler                          0x080001ab   Thumb Code     0  startup_stm32f10x_md.o(.text)
    TIM3_IRQHandler                          0x080001ab   Thumb Code     0  startup_stm32f10x_md.o(.text)
    TIM4_IRQHandler                          0x080001ab   Thumb Code     0  startup_stm32f10x_md.o(.text)
    USART1_IRQHandler                        0x080001ab   Thumb Code     0  startup_stm32f10x_md.o(.text)
    USART2_IRQHandler                        0x080001ab   Thumb Code     0  startup_stm32f10x_md.o(.text)
    USART3_IRQHandler                        0x080001ab   Thumb Code     0  startup_stm32f10x_md.o(.text)
    USBWakeUp_IRQHandler                     0x080001ab   Thumb Code     0  startup_stm32f10x_md.o(.text)
    USB_HP_CAN1_TX_IRQHandler                0x080001ab   Thumb Code     0  startup_stm32f10x_md.o(.text)
    USB_LP_CAN1_RX0_IRQHandler               0x080001ab   Thumb Code     0  startup_stm32f10x_md.o(.text)
    WWDG_IRQHandler                          0x080001ab   Thumb Code     0  startup_stm32f10x_md.o(.text)
    __user_initial_stackheap                 0x080001ad   Thumb Code     0  startup_stm32f10x_md.o(.text)
    __2sprintf                               0x080001d1   Thumb Code    34  noretval__2sprintf.o(.text)
    _printf_pre_padding                      0x080001f9   Thumb Code    44  _printf_pad.o(.text)
    _printf_post_padding                     0x08000225   Thumb Code    34  _printf_pad.o(.text)
    _printf_int_hex                          0x08000249   Thumb Code    84  _printf_hex_int.o(.text)
    _printf_longlong_hex                     0x08000249   Thumb Code     0  _printf_hex_int.o(.text)
    __printf                                 0x080002a1   Thumb Code   308  __printf_flags_wp.o(.text)
    __use_two_region_memory                  0x080003d9   Thumb Code     2  heapauxi.o(.text)
    __rt_heap_escrow$2region                 0x080003db   Thumb Code     2  heapauxi.o(.text)
    __rt_heap_expand$2region                 0x080003dd   Thumb Code     2  heapauxi.o(.text)
    _printf_int_common                       0x080003df   Thumb Code   178  _printf_intcommon.o(.text)
    _printf_char_common                      0x0800049b   Thumb Code    32  _printf_char_common.o(.text)
    _sputc                                   0x080004c1   Thumb Code    10  _sputc.o(.text)
    __user_setup_stackheap                   0x080004cb   Thumb Code    74  sys_stackheap_outer.o(.text)
    exit                                     0x08000515   Thumb Code    18  exit.o(.text)
    __user_libspace                          0x08000529   Thumb Code     8  libspace.o(.text)
    __user_perproc_libspace                  0x08000529   Thumb Code     0  libspace.o(.text)
    __user_perthread_libspace                0x08000529   Thumb Code     0  libspace.o(.text)
    _sys_exit                                0x08000531   Thumb Code     8  sys_exit.o(.text)
    __I$use$semihosting                      0x0800053d   Thumb Code     0  use_no_semi.o(.text)
    __use_no_semihosting_swi                 0x0800053d   Thumb Code     2  use_no_semi.o(.text)
    __semihosting_library_function           0x0800053f   Thumb Code     0  indicate_semi.o(.text)
    Delay_Init                               0x08000541   Thumb Code     8  delay.o(.text.Delay_Init)
    Delay_Ms                                 0x08000549   Thumb Code    26  delay.o(.text.Delay_Ms)
    Delay_Us                                 0x08000565   Thumb Code    32  delay.o(.text.Delay_Us)
    GPIO_Init                                0x08000585   Thumb Code   176  stm32f10x_gpio.o(.text.GPIO_Init)
    GPIO_ResetBits                           0x08000635   Thumb Code     4  stm32f10x_gpio.o(.text.GPIO_ResetBits)
    GPIO_SetBits                             0x08000639   Thumb Code     4  stm32f10x_gpio.o(.text.GPIO_SetBits)
    GPIO_StructInit                          0x0800063d   Thumb Code    12  stm32f10x_gpio.o(.text.GPIO_StructInit)
    I2C_AcknowledgeConfig                    0x08000649   Thumb Code    18  stm32f10x_i2c.o(.text.I2C_AcknowledgeConfig)
    I2C_CheckEvent                           0x0800065d   Thumb Code    22  stm32f10x_i2c.o(.text.I2C_CheckEvent)
    I2C_Cmd                                  0x08000675   Thumb Code    18  stm32f10x_i2c.o(.text.I2C_Cmd)
    I2C_GenerateSTART                        0x08000689   Thumb Code    18  stm32f10x_i2c.o(.text.I2C_GenerateSTART)
    I2C_GenerateSTOP                         0x0800069d   Thumb Code    18  stm32f10x_i2c.o(.text.I2C_GenerateSTOP)
    I2C_GetFlagStatus                        0x080006b1   Thumb Code    48  stm32f10x_i2c.o(.text.I2C_GetFlagStatus)
    I2C_Init                                 0x080006e1   Thumb Code   204  stm32f10x_i2c.o(.text.I2C_Init)
    I2C_LCD_BackLight                        0x080007ad   Thumb Code    24  i2c_lcd.o(.text.I2C_LCD_BackLight)
    I2C_LCD_Clear                            0x080007c5   Thumb Code    10  i2c_lcd.o(.text.I2C_LCD_Clear)
    I2C_LCD_Init                             0x0800080d   Thumb Code   116  i2c_lcd.o(.text.I2C_LCD_Init)
    I2C_LCD_NewLine                          0x08000881   Thumb Code    10  i2c_lcd.o(.text.I2C_LCD_NewLine)
    I2C_LCD_Puts                             0x0800088d   Thumb Code    28  i2c_lcd.o(.text.I2C_LCD_Puts)
    I2C_NACKPositionConfig                   0x08000909   Thumb Code    20  stm32f10x_i2c.o(.text.I2C_NACKPositionConfig)
    I2C_Read                                 0x0800091d   Thumb Code    18  i2c.o(.text.I2C_Read)
    I2C_ReceiveData                          0x08000931   Thumb Code     6  stm32f10x_i2c.o(.text.I2C_ReceiveData)
    I2C_Send7bitAddress                      0x08000939   Thumb Code    16  stm32f10x_i2c.o(.text.I2C_Send7bitAddress)
    I2C_SendData                             0x08000949   Thumb Code     4  stm32f10x_i2c.o(.text.I2C_SendData)
    I2C_StructInit                           0x0800094d   Thumb Code    24  stm32f10x_i2c.o(.text.I2C_StructInit)
    I2C_Write                                0x08000965   Thumb Code    18  i2c.o(.text.I2C_Write)
    LCD_WaitBusy                             0x08000979   Thumb Code    90  i2c_lcd.o(.text.LCD_WaitBusy)
    LCD_Write_Chr                            0x080009d5   Thumb Code    46  i2c_lcd.o(.text.LCD_Write_Chr)
    My_GPIO_Init                             0x08000a05   Thumb Code    40  main.o(.text.My_GPIO_Init)
    My_I2C_Init                              0x08000a2d   Thumb Code    26  i2c.o(.text.My_I2C_Init)
    RCC_APB1PeriphClockCmd                   0x08000a49   Thumb Code    24  stm32f10x_rcc.o(.text.RCC_APB1PeriphClockCmd)
    RCC_APB1PeriphResetCmd                   0x08000a61   Thumb Code    24  stm32f10x_rcc.o(.text.RCC_APB1PeriphResetCmd)
    RCC_APB2PeriphClockCmd                   0x08000a79   Thumb Code    24  stm32f10x_rcc.o(.text.RCC_APB2PeriphClockCmd)
    RCC_GetClocksFreq                        0x08000a91   Thumb Code   160  stm32f10x_rcc.o(.text.RCC_GetClocksFreq)
    SPI_Cmd                                  0x08000b31   Thumb Code    18  stm32f10x_spi.o(.text.SPI_Cmd)
    SPI_I2S_GetFlagStatus                    0x08000b45   Thumb Code    10  stm32f10x_spi.o(.text.SPI_I2S_GetFlagStatus)
    SPI_I2S_ReceiveData                      0x08000b51   Thumb Code     4  stm32f10x_spi.o(.text.SPI_I2S_ReceiveData)
    SPI_I2S_SendData                         0x08000b55   Thumb Code     4  stm32f10x_spi.o(.text.SPI_I2S_SendData)
    SPI_Init                                 0x08000b59   Thumb Code    70  stm32f10x_spi.o(.text.SPI_Init)
    SystemInit                               0x08000c69   Thumb Code    86  system_stm32f10x.o(.text.SystemInit)
    TIM_Cmd                                  0x08000cc1   Thumb Code    18  stm32f10x_tim.o(.text.TIM_Cmd)
    TIM_GetCounter                           0x08000cd5   Thumb Code     4  stm32f10x_tim.o(.text.TIM_GetCounter)
    TIM_SetCounter                           0x08000cd9   Thumb Code     4  stm32f10x_tim.o(.text.TIM_SetCounter)
    TIM_TimeBaseInit                         0x08000cdd   Thumb Code   170  stm32f10x_tim.o(.text.TIM_TimeBaseInit)
    TM_MFRC522_AntennaOn                     0x08000d89   Thumb Code    24  mfrc522.o(.text.TM_MFRC522_AntennaOn)
    TM_MFRC522_Anticoll                      0x08000da1   Thumb Code    78  mfrc522.o(.text.TM_MFRC522_Anticoll)
    TM_MFRC522_CalculateCRC                  0x08000df1   Thumb Code    88  mfrc522.o(.text.TM_MFRC522_CalculateCRC)
    TM_MFRC522_Check                         0x08000e49   Thumb Code    32  mfrc522.o(.text.TM_MFRC522_Check)
    TM_MFRC522_ClearBitMask                  0x08000e69   Thumb Code    22  mfrc522.o(.text.TM_MFRC522_ClearBitMask)
    TM_MFRC522_Halt                          0x08000e81   Thumb Code    48  mfrc522.o(.text.TM_MFRC522_Halt)
    TM_MFRC522_Init                          0x08000eb1   Thumb Code    76  mfrc522.o(.text.TM_MFRC522_Init)
    TM_MFRC522_InitPins                      0x08000efd   Thumb Code    52  spi.o(.text.TM_MFRC522_InitPins)
    TM_MFRC522_ReadRegister                  0x08000f31   Thumb Code    56  mfrc522.o(.text.TM_MFRC522_ReadRegister)
    TM_MFRC522_Request                       0x08000f69   Thumb Code    64  mfrc522.o(.text.TM_MFRC522_Request)
    TM_MFRC522_Reset                         0x08000fa9   Thumb Code    12  mfrc522.o(.text.TM_MFRC522_Reset)
    TM_MFRC522_SetBitMask                    0x08000fb5   Thumb Code    22  mfrc522.o(.text.TM_MFRC522_SetBitMask)
    TM_MFRC522_ToCard                        0x08000fcd   Thumb Code   270  mfrc522.o(.text.TM_MFRC522_ToCard)
    TM_MFRC522_WriteRegister                 0x080010dd   Thumb Code    52  mfrc522.o(.text.TM_MFRC522_WriteRegister)
    TM_SPI_Init                              0x08001111   Thumb Code   118  spi.o(.text.TM_SPI_Init)
    TM_SPI_Send                              0x08001189   Thumb Code    42  spi.o(.text.TM_SPI_Send)
    lib_I2C_LowLevel_Init                    0x08001211   Thumb Code   174  i2c.o(.text.lib_I2C_LowLevel_Init)
    lib_I2C_Read                             0x080012c1   Thumb Code   558  i2c.o(.text.lib_I2C_Read)
    lib_I2C_Write                            0x080014f1   Thumb Code   310  i2c.o(.text.lib_I2C_Write)
    main                                     0x08001629   Thumb Code   208  main.o(.text.main)
    _is_digit                                0x080016f9   Thumb Code    14  __printf_wp.o(i._is_digit)
    Region$$Table$$Base                      0x08001764   Number         0  anon$$obj.o(Region$$Table)
    Region$$Table$$Limit                     0x08001784   Number         0  anon$$obj.o(Region$$Table)
    SystemCoreClock                          0x20000000   Data           4  system_stm32f10x.o(.data.SystemCoreClock)
    __libspace_start                         0x20000008   Data          96  libspace.o(.bss)
    CardID                                   0x20000068   Data           5  main.o(.bss.CardID)
    __temporary_stack_top$libspace           0x20000068   Data           0  libspace.o(.bss)
    szBuff                                   0x2000006d   Data         100  main.o(.bss.szBuff)



==============================================================================

Memory Map of the image

  Image Entry point : 0x080000ed

  Load Region LR_IROM1 (Base: 0x08000000, Size: 0x00001790, Max: 0x00010000, ABSOLUTE)

    Execution Region ER_IROM1 (Exec base: 0x08000000, Load base: 0x08000000, Size: 0x00001784, Max: 0x00010000, ABSOLUTE)

    Exec Addr    Load Addr    Size         Type   Attr      Idx    E Section Name        Object

    0x08000000   0x08000000   0x000000ec   Data   RO          598    RESET               startup_stm32f10x_md.o
    0x080000ec   0x080000ec   0x00000008   Code   RO          678  * !!!main             c_w.l(__main.o)
    0x080000f4   0x080000f4   0x00000034   Code   RO          850    !!!scatter          c_w.l(__scatter.o)
    0x08000128   0x08000128   0x0000001a   Code   RO          852    !!handler_copy      c_w.l(__scatter_copy.o)
    0x08000142   0x08000142   0x00000002   PAD
    0x08000144   0x08000144   0x0000001c   Code   RO          854    !!handler_zi        c_w.l(__scatter_zi.o)
    0x08000160   0x08000160   0x00000000   Code   RO          675    .ARM.Collect$$_printf_percent$$00000000  c_w.l(_printf_percent.o)
    0x08000160   0x08000160   0x00000006   Code   RO          674    .ARM.Collect$$_printf_percent$$0000000C  c_w.l(_printf_x.o)
    0x08000166   0x08000166   0x00000004   Code   RO          687    .ARM.Collect$$_printf_percent$$00000017  c_w.l(_printf_percent_end.o)
    0x0800016a   0x0800016a   0x00000002   Code   RO          714    .ARM.Collect$$libinit$$00000000  c_w.l(libinit.o)
    0x0800016c   0x0800016c   0x00000000   Code   RO          721    .ARM.Collect$$libinit$$00000002  c_w.l(libinit2.o)
    0x0800016c   0x0800016c   0x00000000   Code   RO          723    .ARM.Collect$$libinit$$00000004  c_w.l(libinit2.o)
    0x0800016c   0x0800016c   0x00000000   Code   RO          726    .ARM.Collect$$libinit$$0000000A  c_w.l(libinit2.o)
    0x0800016c   0x0800016c   0x00000000   Code   RO          728    .ARM.Collect$$libinit$$0000000C  c_w.l(libinit2.o)
    0x0800016c   0x0800016c   0x00000000   Code   RO          730    .ARM.Collect$$libinit$$0000000E  c_w.l(libinit2.o)
    0x0800016c   0x0800016c   0x00000000   Code   RO          733    .ARM.Collect$$libinit$$00000011  c_w.l(libinit2.o)
    0x0800016c   0x0800016c   0x00000000   Code   RO          735    .ARM.Collect$$libinit$$00000013  c_w.l(libinit2.o)
    0x0800016c   0x0800016c   0x00000000   Code   RO          737    .ARM.Collect$$libinit$$00000015  c_w.l(libinit2.o)
    0x0800016c   0x0800016c   0x00000000   Code   RO          739    .ARM.Collect$$libinit$$00000017  c_w.l(libinit2.o)
    0x0800016c   0x0800016c   0x00000000   Code   RO          741    .ARM.Collect$$libinit$$00000019  c_w.l(libinit2.o)
    0x0800016c   0x0800016c   0x00000000   Code   RO          743    .ARM.Collect$$libinit$$0000001B  c_w.l(libinit2.o)
    0x0800016c   0x0800016c   0x00000000   Code   RO          745    .ARM.Collect$$libinit$$0000001D  c_w.l(libinit2.o)
    0x0800016c   0x0800016c   0x00000000   Code   RO          747    .ARM.Collect$$libinit$$0000001F  c_w.l(libinit2.o)
    0x0800016c   0x0800016c   0x00000000   Code   RO          749    .ARM.Collect$$libinit$$00000021  c_w.l(libinit2.o)
    0x0800016c   0x0800016c   0x00000000   Code   RO          751    .ARM.Collect$$libinit$$00000023  c_w.l(libinit2.o)
    0x0800016c   0x0800016c   0x00000000   Code   RO          753    .ARM.Collect$$libinit$$00000025  c_w.l(libinit2.o)
    0x0800016c   0x0800016c   0x00000000   Code   RO          757    .ARM.Collect$$libinit$$0000002C  c_w.l(libinit2.o)
    0x0800016c   0x0800016c   0x00000000   Code   RO          759    .ARM.Collect$$libinit$$0000002E  c_w.l(libinit2.o)
    0x0800016c   0x0800016c   0x00000000   Code   RO          761    .ARM.Collect$$libinit$$00000030  c_w.l(libinit2.o)
    0x0800016c   0x0800016c   0x00000000   Code   RO          763    .ARM.Collect$$libinit$$00000032  c_w.l(libinit2.o)
    0x0800016c   0x0800016c   0x00000002   Code   RO          764    .ARM.Collect$$libinit$$00000033  c_w.l(libinit2.o)
    0x0800016e   0x0800016e   0x00000002   Code   RO          786    .ARM.Collect$$libshutdown$$00000000  c_w.l(libshutdown.o)
    0x08000170   0x08000170   0x00000000   Code   RO          801    .ARM.Collect$$libshutdown$$00000002  c_w.l(libshutdown2.o)
    0x08000170   0x08000170   0x00000000   Code   RO          803    .ARM.Collect$$libshutdown$$00000004  c_w.l(libshutdown2.o)
    0x08000170   0x08000170   0x00000000   Code   RO          806    .ARM.Collect$$libshutdown$$00000007  c_w.l(libshutdown2.o)
    0x08000170   0x08000170   0x00000000   Code   RO          809    .ARM.Collect$$libshutdown$$0000000A  c_w.l(libshutdown2.o)
    0x08000170   0x08000170   0x00000000   Code   RO          811    .ARM.Collect$$libshutdown$$0000000C  c_w.l(libshutdown2.o)
    0x08000170   0x08000170   0x00000000   Code   RO          814    .ARM.Collect$$libshutdown$$0000000F  c_w.l(libshutdown2.o)
    0x08000170   0x08000170   0x00000002   Code   RO          815    .ARM.Collect$$libshutdown$$00000010  c_w.l(libshutdown2.o)
    0x08000172   0x08000172   0x00000000   Code   RO          680    .ARM.Collect$$rtentry$$00000000  c_w.l(__rtentry.o)
    0x08000172   0x08000172   0x00000000   Code   RO          689    .ARM.Collect$$rtentry$$00000002  c_w.l(__rtentry2.o)
    0x08000172   0x08000172   0x00000006   Code   RO          701    .ARM.Collect$$rtentry$$00000004  c_w.l(__rtentry4.o)
    0x08000178   0x08000178   0x00000000   Code   RO          691    .ARM.Collect$$rtentry$$00000009  c_w.l(__rtentry2.o)
    0x08000178   0x08000178   0x00000004   Code   RO          692    .ARM.Collect$$rtentry$$0000000A  c_w.l(__rtentry2.o)
    0x0800017c   0x0800017c   0x00000000   Code   RO          694    .ARM.Collect$$rtentry$$0000000C  c_w.l(__rtentry2.o)
    0x0800017c   0x0800017c   0x00000008   Code   RO          695    .ARM.Collect$$rtentry$$0000000D  c_w.l(__rtentry2.o)
    0x08000184   0x08000184   0x00000002   Code   RO          718    .ARM.Collect$$rtexit$$00000000  c_w.l(rtexit.o)
    0x08000186   0x08000186   0x00000000   Code   RO          766    .ARM.Collect$$rtexit$$00000002  c_w.l(rtexit2.o)
    0x08000186   0x08000186   0x00000004   Code   RO          767    .ARM.Collect$$rtexit$$00000003  c_w.l(rtexit2.o)
    0x0800018a   0x0800018a   0x00000006   Code   RO          768    .ARM.Collect$$rtexit$$00000004  c_w.l(rtexit2.o)
    0x08000190   0x08000190   0x00000040   Code   RO          599    .text               startup_stm32f10x_md.o
    0x080001d0   0x080001d0   0x00000028   Code   RO          627    .text               c_w.l(noretval__2sprintf.o)
    0x080001f8   0x080001f8   0x0000004e   Code   RO          631    .text               c_w.l(_printf_pad.o)
    0x08000246   0x08000246   0x00000002   PAD
    0x08000248   0x08000248   0x00000058   Code   RO          636    .text               c_w.l(_printf_hex_int.o)
    0x080002a0   0x080002a0   0x00000138   Code   RO          666    .text               c_w.l(__printf_flags_wp.o)
    0x080003d8   0x080003d8   0x00000006   Code   RO          676    .text               c_w.l(heapauxi.o)
    0x080003de   0x080003de   0x000000b2   Code   RO          681    .text               c_w.l(_printf_intcommon.o)
    0x08000490   0x08000490   0x00000030   Code   RO          683    .text               c_w.l(_printf_char_common.o)
    0x080004c0   0x080004c0   0x0000000a   Code   RO          685    .text               c_w.l(_sputc.o)
    0x080004ca   0x080004ca   0x0000004a   Code   RO          705    .text               c_w.l(sys_stackheap_outer.o)
    0x08000514   0x08000514   0x00000012   Code   RO          707    .text               c_w.l(exit.o)
    0x08000526   0x08000526   0x00000002   PAD
    0x08000528   0x08000528   0x00000008   Code   RO          715    .text               c_w.l(libspace.o)
    0x08000530   0x08000530   0x0000000c   Code   RO          776    .text               c_w.l(sys_exit.o)
    0x0800053c   0x0800053c   0x00000002   Code   RO          791    .text               c_w.l(use_no_semi.o)
    0x0800053e   0x0800053e   0x00000000   Code   RO          793    .text               c_w.l(indicate_semi.o)
    0x0800053e   0x0800053e   0x00000002   PAD
    0x08000540   0x08000540   0x00000008   Code   RO          127    .text.Delay_Init    delay.o
    0x08000548   0x08000548   0x0000001a   Code   RO          133    .text.Delay_Ms      delay.o
    0x08000562   0x08000562   0x00000002   PAD
    0x08000564   0x08000564   0x00000020   Code   RO          131    .text.Delay_Us      delay.o
    0x08000584   0x08000584   0x000000b0   Code   RO          165    .text.GPIO_Init     stm32f10x_gpio.o
    0x08000634   0x08000634   0x00000004   Code   RO          179    .text.GPIO_ResetBits  stm32f10x_gpio.o
    0x08000638   0x08000638   0x00000004   Code   RO          177    .text.GPIO_SetBits  stm32f10x_gpio.o
    0x0800063c   0x0800063c   0x0000000c   Code   RO          167    .text.GPIO_StructInit  stm32f10x_gpio.o
    0x08000648   0x08000648   0x00000012   Code   RO          221    .text.I2C_AcknowledgeConfig  stm32f10x_i2c.o
    0x0800065a   0x0800065a   0x00000002   PAD
    0x0800065c   0x0800065c   0x00000016   Code   RO          259    .text.I2C_CheckEvent  stm32f10x_i2c.o
    0x08000672   0x08000672   0x00000002   PAD
    0x08000674   0x08000674   0x00000012   Code   RO          211    .text.I2C_Cmd       stm32f10x_i2c.o
    0x08000686   0x08000686   0x00000002   PAD
    0x08000688   0x08000688   0x00000012   Code   RO          217    .text.I2C_GenerateSTART  stm32f10x_i2c.o
    0x0800069a   0x0800069a   0x00000002   PAD
    0x0800069c   0x0800069c   0x00000012   Code   RO          219    .text.I2C_GenerateSTOP  stm32f10x_i2c.o
    0x080006ae   0x080006ae   0x00000002   PAD
    0x080006b0   0x080006b0   0x00000030   Code   RO          263    .text.I2C_GetFlagStatus  stm32f10x_i2c.o
    0x080006e0   0x080006e0   0x000000cc   Code   RO          207    .text.I2C_Init      stm32f10x_i2c.o
    0x080007ac   0x080007ac   0x00000018   Code   RO           95    .text.I2C_LCD_BackLight  i2c_lcd.o
    0x080007c4   0x080007c4   0x0000000a   Code   RO           91    .text.I2C_LCD_Clear  i2c_lcd.o
    0x080007ce   0x080007ce   0x00000002   PAD
    0x080007d0   0x080007d0   0x0000003c   Code   RO           79    .text.I2C_LCD_FlushVal  i2c_lcd.o
    0x0800080c   0x0800080c   0x00000074   Code   RO           77    .text.I2C_LCD_Init  i2c_lcd.o
    0x08000880   0x08000880   0x0000000a   Code   RO           93    .text.I2C_LCD_NewLine  i2c_lcd.o
    0x0800088a   0x0800088a   0x00000002   PAD
    0x0800088c   0x0800088c   0x0000001c   Code   RO           89    .text.I2C_LCD_Puts  i2c_lcd.o
    0x080008a8   0x080008a8   0x0000002c   Code   RO           83    .text.I2C_LCD_WriteCmd  i2c_lcd.o
    0x080008d4   0x080008d4   0x00000034   Code   RO           81    .text.I2C_LCD_Write_4bit  i2c_lcd.o
    0x08000908   0x08000908   0x00000014   Code   RO          241    .text.I2C_NACKPositionConfig  stm32f10x_i2c.o
    0x0800091c   0x0800091c   0x00000012   Code   RO          115    .text.I2C_Read      i2c.o
    0x0800092e   0x0800092e   0x00000002   PAD
    0x08000930   0x08000930   0x00000006   Code   RO          233    .text.I2C_ReceiveData  stm32f10x_i2c.o
    0x08000936   0x08000936   0x00000002   PAD
    0x08000938   0x08000938   0x00000010   Code   RO          235    .text.I2C_Send7bitAddress  stm32f10x_i2c.o
    0x08000948   0x08000948   0x00000004   Code   RO          231    .text.I2C_SendData  stm32f10x_i2c.o
    0x0800094c   0x0800094c   0x00000018   Code   RO          209    .text.I2C_StructInit  stm32f10x_i2c.o
    0x08000964   0x08000964   0x00000012   Code   RO          111    .text.I2C_Write     i2c.o
    0x08000976   0x08000976   0x00000002   PAD
    0x08000978   0x08000978   0x0000005a   Code   RO           85    .text.LCD_WaitBusy  i2c_lcd.o
    0x080009d2   0x080009d2   0x00000002   PAD
    0x080009d4   0x080009d4   0x0000002e   Code   RO           87    .text.LCD_Write_Chr  i2c_lcd.o
    0x08000a02   0x08000a02   0x00000002   PAD
    0x08000a04   0x08000a04   0x00000028   Code   RO            4    .text.My_GPIO_Init  main.o
    0x08000a2c   0x08000a2c   0x0000001a   Code   RO          107    .text.My_I2C_Init   i2c.o
    0x08000a46   0x08000a46   0x00000002   PAD
    0x08000a48   0x08000a48   0x00000018   Code   RO          325    .text.RCC_APB1PeriphClockCmd  stm32f10x_rcc.o
    0x08000a60   0x08000a60   0x00000018   Code   RO          329    .text.RCC_APB1PeriphResetCmd  stm32f10x_rcc.o
    0x08000a78   0x08000a78   0x00000018   Code   RO          323    .text.RCC_APB2PeriphClockCmd  stm32f10x_rcc.o
    0x08000a90   0x08000a90   0x000000a0   Code   RO          319    .text.RCC_GetClocksFreq  stm32f10x_rcc.o
    0x08000b30   0x08000b30   0x00000012   Code   RO          363    .text.SPI_Cmd       stm32f10x_spi.o
    0x08000b42   0x08000b42   0x00000002   PAD
    0x08000b44   0x08000b44   0x0000000a   Code   RO          391    .text.SPI_I2S_GetFlagStatus  stm32f10x_spi.o
    0x08000b4e   0x08000b4e   0x00000002   PAD
    0x08000b50   0x08000b50   0x00000004   Code   RO          373    .text.SPI_I2S_ReceiveData  stm32f10x_spi.o
    0x08000b54   0x08000b54   0x00000004   Code   RO          371    .text.SPI_I2S_SendData  stm32f10x_spi.o
    0x08000b58   0x08000b58   0x00000046   Code   RO          355    .text.SPI_Init      stm32f10x_spi.o
    0x08000b9e   0x08000b9e   0x00000002   PAD
    0x08000ba0   0x08000ba0   0x00000008   Code   RO          608    .text.SetSysClock   system_stm32f10x.o
    0x08000ba8   0x08000ba8   0x000000be   Code   RO          612    .text.SetSysClockTo72  system_stm32f10x.o
    0x08000c66   0x08000c66   0x00000002   PAD
    0x08000c68   0x08000c68   0x00000056   Code   RO          606    .text.SystemInit    system_stm32f10x.o
    0x08000cbe   0x08000cbe   0x00000002   PAD
    0x08000cc0   0x08000cc0   0x00000012   Code   RO          449    .text.TIM_Cmd       stm32f10x_tim.o
    0x08000cd2   0x08000cd2   0x00000002   PAD
    0x08000cd4   0x08000cd4   0x00000004   Code   RO          577    .text.TIM_GetCounter  stm32f10x_tim.o
    0x08000cd8   0x08000cd8   0x00000004   Code   RO          555    .text.TIM_SetCounter  stm32f10x_tim.o
    0x08000cdc   0x08000cdc   0x000000aa   Code   RO          409    .text.TIM_TimeBaseInit  stm32f10x_tim.o
    0x08000d86   0x08000d86   0x00000002   PAD
    0x08000d88   0x08000d88   0x00000018   Code   RO           37    .text.TM_MFRC522_AntennaOn  mfrc522.o
    0x08000da0   0x08000da0   0x0000004e   Code   RO           43    .text.TM_MFRC522_Anticoll  mfrc522.o
    0x08000dee   0x08000dee   0x00000002   PAD
    0x08000df0   0x08000df0   0x00000058   Code   RO           59    .text.TM_MFRC522_CalculateCRC  mfrc522.o
    0x08000e48   0x08000e48   0x00000020   Code   RO           39    .text.TM_MFRC522_Check  mfrc522.o
    0x08000e68   0x08000e68   0x00000016   Code   RO           53    .text.TM_MFRC522_ClearBitMask  mfrc522.o
    0x08000e7e   0x08000e7e   0x00000002   PAD
    0x08000e80   0x08000e80   0x00000030   Code   RO           45    .text.TM_MFRC522_Halt  mfrc522.o
    0x08000eb0   0x08000eb0   0x0000004c   Code   RO           31    .text.TM_MFRC522_Init  mfrc522.o
    0x08000efc   0x08000efc   0x00000034   Code   RO           21    .text.TM_MFRC522_InitPins  spi.o
    0x08000f30   0x08000f30   0x00000038   Code   RO           49    .text.TM_MFRC522_ReadRegister  mfrc522.o
    0x08000f68   0x08000f68   0x00000040   Code   RO           41    .text.TM_MFRC522_Request  mfrc522.o
    0x08000fa8   0x08000fa8   0x0000000c   Code   RO           33    .text.TM_MFRC522_Reset  mfrc522.o
    0x08000fb4   0x08000fb4   0x00000016   Code   RO           51    .text.TM_MFRC522_SetBitMask  mfrc522.o
    0x08000fca   0x08000fca   0x00000002   PAD
    0x08000fcc   0x08000fcc   0x0000010e   Code   RO           57    .text.TM_MFRC522_ToCard  mfrc522.o
    0x080010da   0x080010da   0x00000002   PAD
    0x080010dc   0x080010dc   0x00000034   Code   RO           35    .text.TM_MFRC522_WriteRegister  mfrc522.o
    0x08001110   0x08001110   0x00000076   Code   RO           19    .text.TM_SPI_Init   spi.o
    0x08001186   0x08001186   0x00000002   PAD
    0x08001188   0x08001188   0x0000002a   Code   RO           17    .text.TM_SPI_Send   spi.o
    0x080011b2   0x080011b2   0x00000002   PAD
    0x080011b4   0x080011b4   0x0000005a   Code   RO          129    .text.Timer_Init    delay.o
    0x0800120e   0x0800120e   0x00000002   PAD
    0x08001210   0x08001210   0x000000ae   Code   RO          109    .text.lib_I2C_LowLevel_Init  i2c.o
    0x080012be   0x080012be   0x00000002   PAD
    0x080012c0   0x080012c0   0x0000022e   Code   RO          117    .text.lib_I2C_Read  i2c.o
    0x080014ee   0x080014ee   0x00000002   PAD
    0x080014f0   0x080014f0   0x00000136   Code   RO          113    .text.lib_I2C_Write  i2c.o
    0x08001626   0x08001626   0x00000002   PAD
    0x08001628   0x08001628   0x000000d0   Code   RO            2    .text.main          main.o
    0x080016f8   0x080016f8   0x0000000e   Code   RO          664    i._is_digit         c_w.l(__printf_wp.o)
    0x08001706   0x08001706   0x00000028   Data   RO          637    .constdata          c_w.l(_printf_hex_int.o)
    0x0800172e   0x0800172e   0x00000011   Data   RO          667    .constdata          c_w.l(__printf_flags_wp.o)
    0x0800173f   0x0800173f   0x00000004   Data   RO          344    .rodata.ADCPrescTable  stm32f10x_rcc.o
    0x08001743   0x08001743   0x00000010   Data   RO          343    .rodata.APBAHBPrescTable  stm32f10x_rcc.o
    0x08001753   0x08001753   0x00000010   Data   RO            6    .rodata.str1.1      main.o
    0x08001763   0x08001763   0x00000001   PAD
    0x08001764   0x08001764   0x00000020   Data   RO          849    Region$$Table       anon$$obj.o


    Execution Region RW_IRAM1 (Exec base: 0x20000000, Load base: 0x08001788, Size: 0x000006e8, Max: 0x00005000, ABSOLUTE)

    Exec Addr    Load Addr    Size         Type   Attr      Idx    E Section Name        Object

    0x20000000   0x08001788   0x00000004   Data   RW          614    .data.SystemCoreClock  system_stm32f10x.o
    0x20000004   0x0800178c   0x00000004   PAD
    0x20000008        -       0x00000060   Zero   RW          716    .bss                c_w.l(libspace.o)
    0x20000068        -       0x00000005   Zero   RW            7    .bss.CardID         main.o
    0x2000006d        -       0x00000064   Zero   RW            8    .bss.szBuff         main.o
    0x200000d1   0x0800178c   0x00000007   PAD
    0x200000d8        -       0x00000008   Zero   RW           97    .bss.u8LCD_Buff     i2c_lcd.o
    0x200000e0        -       0x00000001   Zero   RW           98    .bss.u8LcdTmp       i2c_lcd.o
    0x200000e1   0x0800178c   0x00000007   PAD
    0x200000e8        -       0x00000200   Zero   RW          597    HEAP                startup_stm32f10x_md.o
    0x200002e8        -       0x00000400   Zero   RW          596    STACK               startup_stm32f10x_md.o


==============================================================================

Image component sizes


      Code (inc. data)   RO Data    RW Data    ZI Data      Debug   Object Name

       156          0          0          0          0       2618   delay.o
      1104          0          0          0          0       4863   i2c.o
       480          0          0          0          9       2261   i2c_lcd.o
       248         44         16          0        105       1969   main.o
       844          0          0          0          0       7296   mfrc522.o
       212          0          0          0          0       2692   spi.o
        64         26        236          0       1536        828   startup_stm32f10x_md.o
       196          0          0          0          0       5890   stm32f10x_gpio.o
       416          0          0          0          0       8438   stm32f10x_i2c.o
       232          0         20          0          0       7706   stm32f10x_rcc.o
       106          0          0          0          0       7046   stm32f10x_spi.o
       196          0          0          0          0      24126   stm32f10x_tim.o
       284          0          0          4          0       2911   system_stm32f10x.o

    ----------------------------------------------------------------------
      4600         70        305          4       1668      78644   Object Totals
         0          0         32          0          0          0   (incl. Generated)
        62          0          1          0         18          0   (incl. Padding)

    ----------------------------------------------------------------------

      Code (inc. data)   RO Data    RW Data    ZI Data      Debug   Library Member Name

         8          0          0          0          0         68   __main.o
       312          4         17          0          0         92   __printf_flags_wp.o
        14          0          0          0          0         68   __printf_wp.o
         0          0          0          0          0          0   __rtentry.o
        12          0          0          0          0          0   __rtentry2.o
         6          0          0          0          0          0   __rtentry4.o
        52          8          0          0          0          0   __scatter.o
        26          0          0          0          0          0   __scatter_copy.o
        28          0          0          0          0          0   __scatter_zi.o
        48          6          0          0          0         96   _printf_char_common.o
        88          4         40          0          0         88   _printf_hex_int.o
       178          0          0          0          0         88   _printf_intcommon.o
        78          0          0          0          0        108   _printf_pad.o
         0          0          0          0          0          0   _printf_percent.o
         4          0          0          0          0          0   _printf_percent_end.o
         6          0          0          0          0          0   _printf_x.o
        10          0          0          0          0         68   _sputc.o
        18          0          0          0          0         80   exit.o
         6          0          0          0          0        152   heapauxi.o
         0          0          0          0          0          0   indicate_semi.o
         2          0          0          0          0          0   libinit.o
         2          0          0          0          0          0   libinit2.o
         2          0          0          0          0          0   libshutdown.o
         2          0          0          0          0          0   libshutdown2.o
         8          4          0          0         96         68   libspace.o
        40          6          0          0          0         84   noretval__2sprintf.o
         2          0          0          0          0          0   rtexit.o
        10          0          0          0          0          0   rtexit2.o
        12          4          0          0          0         68   sys_exit.o
        74          0          0          0          0         80   sys_stackheap_outer.o
         2          0          0          0          0         68   use_no_semi.o

    ----------------------------------------------------------------------
      1058         36         57          0         96       1276   Library Totals
         8          0          0          0          0          0   (incl. Padding)

    ----------------------------------------------------------------------

      Code (inc. data)   RO Data    RW Data    ZI Data      Debug   Library Name

      1050         36         57          0         96       1276   c_w.l

    ----------------------------------------------------------------------
      1058         36         57          0         96       1276   Library Totals

    ----------------------------------------------------------------------

==============================================================================


      Code (inc. data)   RO Data    RW Data    ZI Data      Debug   

      5658        106        362          4       1764      79220   Grand Totals
      5658        106        362          4       1764      79220   ELF Image Totals
      5658        106        362          4          0          0   ROM Totals

==============================================================================

    Total RO  Size (Code + RO Data)                 6020 (   5.88kB)
    Total RW  Size (RW Data + ZI Data)              1768 (   1.73kB)
    Total ROM Size (Code + RO Data + RW Data)       6024 (   5.88kB)

==============================================================================

